Archive member included to satisfy reference by file (symbol)

c:/st/stm32cubeide_1.4.0/stm32cubeide/plugins/com.st.stm32cube.ide.mcu.externaltools.gnu-tools-for-stm32.7-2018-q2-update.win32_1.4.0.202007081208/tools/bin/../lib/gcc/arm-none-eabi/7.3.1/../../../../arm-none-eabi/lib/thumb/v7e-m/fpv4-sp/hard\libc_nano.a(lib_a-errno.o)
                              Src/syscalls.o (__errno)
c:/st/stm32cubeide_1.4.0/stm32cubeide/plugins/com.st.stm32cube.ide.mcu.externaltools.gnu-tools-for-stm32.7-2018-q2-update.win32_1.4.0.202007081208/tools/bin/../lib/gcc/arm-none-eabi/7.3.1/../../../../arm-none-eabi/lib/thumb/v7e-m/fpv4-sp/hard\libc_nano.a(lib_a-exit.o)
                              c:/st/stm32cubeide_1.4.0/stm32cubeide/plugins/com.st.stm32cube.ide.mcu.externaltools.gnu-tools-for-stm32.7-2018-q2-update.win32_1.4.0.202007081208/tools/bin/../lib/gcc/arm-none-eabi/7.3.1/../../../../arm-none-eabi/lib/thumb/v7e-m/fpv4-sp/hard/crt0.o (exit)
c:/st/stm32cubeide_1.4.0/stm32cubeide/plugins/com.st.stm32cube.ide.mcu.externaltools.gnu-tools-for-stm32.7-2018-q2-update.win32_1.4.0.202007081208/tools/bin/../lib/gcc/arm-none-eabi/7.3.1/../../../../arm-none-eabi/lib/thumb/v7e-m/fpv4-sp/hard\libc_nano.a(lib_a-impure.o)
                              c:/st/stm32cubeide_1.4.0/stm32cubeide/plugins/com.st.stm32cube.ide.mcu.externaltools.gnu-tools-for-stm32.7-2018-q2-update.win32_1.4.0.202007081208/tools/bin/../lib/gcc/arm-none-eabi/7.3.1/../../../../arm-none-eabi/lib/thumb/v7e-m/fpv4-sp/hard\libc_nano.a(lib_a-exit.o) (_global_impure_ptr)
c:/st/stm32cubeide_1.4.0/stm32cubeide/plugins/com.st.stm32cube.ide.mcu.externaltools.gnu-tools-for-stm32.7-2018-q2-update.win32_1.4.0.202007081208/tools/bin/../lib/gcc/arm-none-eabi/7.3.1/../../../../arm-none-eabi/lib/thumb/v7e-m/fpv4-sp/hard\libc_nano.a(lib_a-init.o)
                              c:/st/stm32cubeide_1.4.0/stm32cubeide/plugins/com.st.stm32cube.ide.mcu.externaltools.gnu-tools-for-stm32.7-2018-q2-update.win32_1.4.0.202007081208/tools/bin/../lib/gcc/arm-none-eabi/7.3.1/../../../../arm-none-eabi/lib/thumb/v7e-m/fpv4-sp/hard/crt0.o (__libc_init_array)
c:/st/stm32cubeide_1.4.0/stm32cubeide/plugins/com.st.stm32cube.ide.mcu.externaltools.gnu-tools-for-stm32.7-2018-q2-update.win32_1.4.0.202007081208/tools/bin/../lib/gcc/arm-none-eabi/7.3.1/../../../../arm-none-eabi/lib/thumb/v7e-m/fpv4-sp/hard\libc_nano.a(lib_a-malloc.o)
                              Src/tm_stm32_delay.o (malloc)
c:/st/stm32cubeide_1.4.0/stm32cubeide/plugins/com.st.stm32cube.ide.mcu.externaltools.gnu-tools-for-stm32.7-2018-q2-update.win32_1.4.0.202007081208/tools/bin/../lib/gcc/arm-none-eabi/7.3.1/../../../../arm-none-eabi/lib/thumb/v7e-m/fpv4-sp/hard\libc_nano.a(lib_a-memcpy-stub.o)
                              Middlewares/Third_Party/FreeRTOS/Source/queue.o (memcpy)
c:/st/stm32cubeide_1.4.0/stm32cubeide/plugins/com.st.stm32cube.ide.mcu.externaltools.gnu-tools-for-stm32.7-2018-q2-update.win32_1.4.0.202007081208/tools/bin/../lib/gcc/arm-none-eabi/7.3.1/../../../../arm-none-eabi/lib/thumb/v7e-m/fpv4-sp/hard\libc_nano.a(lib_a-memset.o)
                              c:/st/stm32cubeide_1.4.0/stm32cubeide/plugins/com.st.stm32cube.ide.mcu.externaltools.gnu-tools-for-stm32.7-2018-q2-update.win32_1.4.0.202007081208/tools/bin/../lib/gcc/arm-none-eabi/7.3.1/../../../../arm-none-eabi/lib/thumb/v7e-m/fpv4-sp/hard/crt0.o (memset)
c:/st/stm32cubeide_1.4.0/stm32cubeide/plugins/com.st.stm32cube.ide.mcu.externaltools.gnu-tools-for-stm32.7-2018-q2-update.win32_1.4.0.202007081208/tools/bin/../lib/gcc/arm-none-eabi/7.3.1/../../../../arm-none-eabi/lib/thumb/v7e-m/fpv4-sp/hard\libc_nano.a(lib_a-nano-freer.o)
                              c:/st/stm32cubeide_1.4.0/stm32cubeide/plugins/com.st.stm32cube.ide.mcu.externaltools.gnu-tools-for-stm32.7-2018-q2-update.win32_1.4.0.202007081208/tools/bin/../lib/gcc/arm-none-eabi/7.3.1/../../../../arm-none-eabi/lib/thumb/v7e-m/fpv4-sp/hard\libc_nano.a(lib_a-malloc.o) (_free_r)
c:/st/stm32cubeide_1.4.0/stm32cubeide/plugins/com.st.stm32cube.ide.mcu.externaltools.gnu-tools-for-stm32.7-2018-q2-update.win32_1.4.0.202007081208/tools/bin/../lib/gcc/arm-none-eabi/7.3.1/../../../../arm-none-eabi/lib/thumb/v7e-m/fpv4-sp/hard\libc_nano.a(lib_a-nano-mallocr.o)
                              c:/st/stm32cubeide_1.4.0/stm32cubeide/plugins/com.st.stm32cube.ide.mcu.externaltools.gnu-tools-for-stm32.7-2018-q2-update.win32_1.4.0.202007081208/tools/bin/../lib/gcc/arm-none-eabi/7.3.1/../../../../arm-none-eabi/lib/thumb/v7e-m/fpv4-sp/hard\libc_nano.a(lib_a-malloc.o) (_malloc_r)
c:/st/stm32cubeide_1.4.0/stm32cubeide/plugins/com.st.stm32cube.ide.mcu.externaltools.gnu-tools-for-stm32.7-2018-q2-update.win32_1.4.0.202007081208/tools/bin/../lib/gcc/arm-none-eabi/7.3.1/../../../../arm-none-eabi/lib/thumb/v7e-m/fpv4-sp/hard\libc_nano.a(lib_a-sbrkr.o)
[...]
Memory Configuration

Name             Origin             Length             Attributes
RAM              0x0000000020000000 0x0000000000020000 xrw
FLASH            0x0000000008000000 0x0000000000080000 xr
*default*        0x0000000000000000 0xffffffffffffffff

Linker script and memory map

LOAD c:/st/stm32cubeide_1.4.0/stm32cubeide/plugins/com.st.stm32cube.ide.mcu.externaltools.gnu-tools-for-stm32.7-2018-q2-update.win32_1.4.0.202007081208/tools/bin/../lib/gcc/arm-none-eabi/7.3.1/thumb/v7e-m/fpv4-sp/hard/crti.o
LOAD c:/st/stm32cubeide_1.4.0/stm32cubeide/plugins/com.st.stm32cube.ide.mcu.externaltools.gnu-tools-for-stm32.7-2018-q2-update.win32_1.4.0.202007081208/tools/bin/../lib/gcc/arm-none-eabi/7.3.1/thumb/v7e-m/fpv4-sp/hard/crtbegin.o
LOAD c:/st/stm32cubeide_1.4.0/stm32cubeide/plugins/com.st.stm32cube.ide.mcu.externaltools.gnu-tools-for-stm32.7-2018-q2-update.win32_1.4.0.202007081208/tools/bin/../lib/gcc/arm-none-eabi/7.3.1/../../../../arm-none-eabi/lib/thumb/v7e-m/fpv4-sp/hard/crt0.o
LOAD Drivers/STM32F4xx_HAL_Driver/Src/stm32f4xx_hal.o
LOAD Drivers/STM32F4xx_HAL_Driver/Src/stm32f4xx_hal_cortex.o
LOAD Drivers/STM32F4xx_HAL_Driver/Src/stm32f4xx_hal_dma.o
LOAD Drivers/STM32F4xx_HAL_Driver/Src/stm32f4xx_hal_dma_ex.o
LOAD Drivers/STM32F4xx_HAL_Driver/Src/stm32f4xx_hal_exti.o
LOAD Drivers/STM32F4xx_HAL_Driver/Src/stm32f4xx_hal_flash.o
LOAD Drivers/STM32F4xx_HAL_Driver/Src/stm32f4xx_hal_flash_ex.o
LOAD Drivers/STM32F4xx_HAL_Driver/Src/stm32f4xx_hal_flash_ramfunc.o
LOAD Drivers/STM32F4xx_HAL_Driver/Src/stm32f4xx_hal_gpio.o
LOAD Drivers/STM32F4xx_HAL_Driver/Src/stm32f4xx_hal_pwr.o
LOAD Drivers/STM32F4xx_HAL_Driver/Src/stm32f4xx_hal_pwr_ex.o
LOAD Drivers/STM32F4xx_HAL_Driver/Src/stm32f4xx_hal_rcc.o
LOAD Drivers/STM32F4xx_HAL_Driver/Src/stm32f4xx_hal_rcc_ex.o
LOAD Drivers/STM32F4xx_HAL_Driver/Src/stm32f4xx_hal_tim.o
LOAD Drivers/STM32F4xx_HAL_Driver/Src/stm32f4xx_hal_tim_ex.o
LOAD Drivers/STM32F4xx_HAL_Driver/Src/stm32f4xx_hal_uart.o
LOAD Middlewares/Third_Party/FreeRTOS/Source/CMSIS_RTOS/cmsis_os.o
LOAD Middlewares/Third_Party/FreeRTOS/Source/croutine.o
LOAD Middlewares/Third_Party/FreeRTOS/Source/event_groups.o
LOAD Middlewares/Third_Party/FreeRTOS/Source/list.o
LOAD Middlewares/Third_Party/FreeRTOS/Source/queue.o
LOAD Middlewares/Third_Party/FreeRTOS/Source/stream_buffer.o
LOAD Middlewares/Third_Party/FreeRTOS/Source/tasks.o
LOAD Middlewares/Third_Party/FreeRTOS/Source/timers.o
LOAD Middlewares/Third_Party/FreeRTOS/Source/portable/GCC/ARM_CM4F/port.o
LOAD Middlewares/Third_Party/FreeRTOS/Source/portable/MemMang/heap_4.o
LOAD Src/MY_DHT22.o
LOAD Src/freertos.o
LOAD Src/main.o
LOAD Src/stm32f4xx_hal_msp.o
LOAD Src/stm32f4xx_hal_timebase_tim.o
LOAD Src/stm32f4xx_it.o
LOAD Src/syscalls.o
LOAD Src/system_stm32f4xx.o
LOAD Src/tm_stm32_delay.o
LOAD Src/tm_stm32_ds18b20.o
LOAD Src/tm_stm32_gpio.o
LOAD Src/tm_stm32_onewire.o
LOAD Src/tm_stm32_rcc.o
LOAD startup/startup_stm32f446xx.o
START GROUP
LOAD c:/st/stm32cubeide_1.4.0/stm32cubeide/plugins/com.st.stm32cube.ide.mcu.externaltools.gnu-tools-for-stm32.7-2018-q2-update.win32_1.4.0.202007081208/tools/bin/../lib/gcc/arm-none-eabi/7.3.1/../../../../arm-none-eabi/lib/thumb/v7e-m/fpv4-sp/hard\libc_nano.a
LOAD c:/st/stm32cubeide_1.4.0/stm32cubeide/plugins/com.st.stm32cube.ide.mcu.externaltools.gnu-tools-for-stm32.7-2018-q2-update.win32_1.4.0.202007081208/tools/bin/../lib/gcc/arm-none-eabi/7.3.1/../../../../arm-none-eabi/lib/thumb/v7e-m/fpv4-sp/hard\libm.a
END GROUP
START GROUP
LOAD c:/st/stm32cubeide_1.4.0/stm32cubeide/plugins/com.st.stm32cube.ide.mcu.externaltools.gnu-tools-for-stm32.7-2018-q2-update.win32_1.4.0.202007081208/tools/bin/../lib/gcc/arm-none-eabi/7.3.1/thumb/v7e-m/fpv4-sp/hard\libgcc.a
LOAD c:/st/stm32cubeide_1.4.0/stm32cubeide/plugins/com.st.stm32cube.ide.mcu.externaltools.gnu-tools-for-stm32.7-2018-q2-update.win32_1.4.0.202007081208/tools/bin/../lib/gcc/arm-none-eabi/7.3.1/../../../../arm-none-eabi/lib/thumb/v7e-m/fpv4-sp/hard\libc_nano.a
END GROUP
START GROUP
LOAD c:/st/stm32cubeide_1.4.0/stm32cubeide/plugins/com.st.stm32cube.ide.mcu.externaltools.gnu-tools-for-stm32.7-2018-q2-update.win32_1.4.0.202007081208/tools/bin/../lib/gcc/arm-none-eabi/7.3.1/thumb/v7e-m/fpv4-sp/hard\libgcc.a
LOAD c:/st/stm32cubeide_1.4.0/stm32cubeide/plugins/com.st.stm32cube.ide.mcu.externaltools.gnu-tools-for-stm32.7-2018-q2-update.win32_1.4.0.202007081208/tools/bin/../lib/gcc/arm-none-eabi/7.3.1/../../../../arm-none-eabi/lib/thumb/v7e-m/fpv4-sp/hard\libc_nano.a
LOAD c:/st/stm32cubeide_1.4.0/stm32cubeide/plugins/com.st.stm32cube.ide.mcu.externaltools.gnu-tools-for-stm32.7-2018-q2-update.win32_1.4.0.202007081208/tools/bin/../lib/gcc/arm-none-eabi/7.3.1/../../../../arm-none-eabi/lib/thumb/v7e-m/fpv4-sp/hard\libnosys.a
END GROUP
START GROUP
LOAD c:/st/stm32cubeide_1.4.0/stm32cubeide/plugins/com.st.stm32cube.ide.mcu.externaltools.gnu-tools-for-stm32.7-2018-q2-update.win32_1.4.0.202007081208/tools/bin/../lib/gcc/arm-none-eabi/7.3.1/thumb/v7e-m/fpv4-sp/hard\libgcc.a
LOAD c:/st/stm32cubeide_1.4.0/stm32cubeide/plugins/com.st.stm32cube.ide.mcu.externaltools.gnu-tools-for-stm32.7-2018-q2-update.win32_1.4.0.202007081208/tools/bin/../lib/gcc/arm-none-eabi/7.3.1/../../../../arm-none-eabi/lib/thumb/v7e-m/fpv4-sp/hard\libc_nano.a
LOAD c:/st/stm32cubeide_1.4.0/stm32cubeide/plugins/com.st.stm32cube.ide.mcu.externaltools.gnu-tools-for-stm32.7-2018-q2-update.win32_1.4.0.202007081208/tools/bin/../lib/gcc/arm-none-eabi/7.3.1/../../../../arm-none-eabi/lib/thumb/v7e-m/fpv4-sp/hard\libnosys.a
END GROUP
LOAD c:/st/stm32cubeide_1.4.0/stm32cubeide/plugins/com.st.stm32cube.ide.mcu.externaltools.gnu-tools-for-stm32.7-2018-q2-update.win32_1.4.0.202007081208/tools/bin/../lib/gcc/arm-none-eabi/7.3.1/thumb/v7e-m/fpv4-sp/hard/crtend.o
LOAD c:/st/stm32cubeide_1.4.0/stm32cubeide/plugins/com.st.stm32cube.ide.mcu.externaltools.gnu-tools-for-stm32.7-2018-q2-update.win32_1.4.0.202007081208/tools/bin/../lib/gcc/arm-none-eabi/7.3.1/thumb/v7e-m/fpv4-sp/hard/crtn.o
                0x0000000020020000                _estack = 0x20020000
                0x0000000000000200                _Min_Heap_Size = 0x200
                0x0000000000000400                _Min_Stack_Size = 0x400

.isr_vector     0x0000000008000000      0x1c4
                0x0000000008000000                . = ALIGN (0x4)
 *(.isr_vector)
 .isr_vector    0x0000000008000000      0x1c4 startup/startup_stm32f446xx.o
                0x0000000008000000                g_pfnVectors
                0x00000000080001c4                . = ALIGN (0x4)

.text           0x00000000080001d0     0x2fa0
                0x00000000080001d0                . = ALIGN (0x4)
 *(.text)
 .text          0x00000000080001d0       0x40 c:/st/stm32cubeide_1.4.0/stm32cubeide/plugins/com.st.stm32cube.ide.mcu.externaltools.gnu-tools-for-stm32.7-2018-q2-update.win32_1.4.0.202007081208/tools/bin/../lib/gcc/arm-none-eabi/7.3.1/thumb/v7e-m/fpv4-sp/hard/crtbegin.o
 .text          0x0000000008000210       0x30 c:/st/stm32cubeide_1.4.0/stm32cubeide/plugins/com.st.stm32cube.ide.mcu.externaltools.gnu-tools-for-stm32.7-2018-q2-update.win32_1.4.0.202007081208/tools/bin/../lib/gcc/arm-none-eabi/7.3.1/thumb/v7e-m/fpv4-sp/hard\libgcc.a(_aeabi_uldivmod.o)
                0x0000000008000210                __aeabi_uldivmod
 .text          0x0000000008000240      0x2cc c:/st/stm32cubeide_1.4.0/stm32cubeide/plugins/com.st.stm32cube.ide.mcu.externaltools.gnu-tools-for-stm32.7-2018-q2-update.win32_1.4.0.202007081208/tools/bin/../lib/gcc/arm-none-eabi/7.3.1/thumb/v7e-m/fpv4-sp/hard\libgcc.a(_udivmoddi4.o)
                0x0000000008000240                __udivmoddi4
 .text          0x000000000800050c        0x4 c:/st/stm32cubeide_1.4.0/stm32cubeide/plugins/com.st.stm32cube.ide.mcu.externaltools.gnu-tools-for-stm32.7-2018-q2-update.win32_1.4.0.202007081208/tools/bin/../lib/gcc/arm-none-eabi/7.3.1/thumb/v7e-m/fpv4-sp/hard\libgcc.a(_dvmd_tls.o)
                0x000000000800050c                __aeabi_idiv0
                0x000000000800050c                __aeabi_ldiv0
 *(.text*)
 .text.HAL_Init
                0x0000000008000510       0x34 Drivers/STM32F4xx_HAL_Driver/Src/stm32f4xx_hal.o
                0x0000000008000510                HAL_Init
 .text.HAL_NVIC_SetPriorityGrouping
                0x0000000008000544       0x24 Drivers/STM32F4xx_HAL_Driver/Src/stm32f4xx_hal_cortex.o
                0x0000000008000544                HAL_NVIC_SetPriorityGrouping
 .text.HAL_NVIC_SetPriority
                0x0000000008000568       0x68 Drivers/STM32F4xx_HAL_Driver/Src/stm32f4xx_hal_cortex.o
                0x0000000008000568                HAL_NVIC_SetPriority
 .text.HAL_NVIC_EnableIRQ
                0x00000000080005d0       0x1c Drivers/STM32F4xx_HAL_Driver/Src/stm32f4xx_hal_cortex.o
                0x00000000080005d0                HAL_NVIC_EnableIRQ
 .text.HAL_GPIO_Init
                0x00000000080005ec      0x1b4 Drivers/STM32F4xx_HAL_Driver/Src/stm32f4xx_hal_gpio.o
                0x00000000080005ec                HAL_GPIO_Init
 .text.HAL_GPIO_ReadPin
                0x00000000080007a0        0xc Drivers/STM32F4xx_HAL_Driver/Src/stm32f4xx_hal_gpio.o
                0x00000000080007a0                HAL_GPIO_ReadPin
 .text.HAL_GPIO_WritePin
                0x00000000080007ac        0xa Drivers/STM32F4xx_HAL_Driver/Src/stm32f4xx_hal_gpio.o
                0x00000000080007ac                HAL_GPIO_WritePin
 *fill*         0x00000000080007b6        0x2 
 .text.HAL_PWREx_EnableOverDrive
                0x00000000080007b8       0x78 Drivers/STM32F4xx_HAL_Driver/Src/stm32f4xx_hal_pwr_ex.o
                0x00000000080007b8                HAL_PWREx_EnableOverDrive
 .text.HAL_RCC_ClockConfig
                0x0000000008000830      0x130 Drivers/STM32F4xx_HAL_Driver/Src/stm32f4xx_hal_rcc.o
                0x0000000008000830                HAL_RCC_ClockConfig
 .text.HAL_RCC_GetHCLKFreq
                0x0000000008000960        0xc Drivers/STM32F4xx_HAL_Driver/Src/stm32f4xx_hal_rcc.o
                0x0000000008000960                HAL_RCC_GetHCLKFreq
 .text.HAL_RCC_GetPCLK1Freq
                0x000000000800096c       0x20 Drivers/STM32F4xx_HAL_Driver/Src/stm32f4xx_hal_rcc.o
                0x000000000800096c                HAL_RCC_GetPCLK1Freq
 .text.HAL_RCC_GetPCLK2Freq
                0x000000000800098c       0x20 Drivers/STM32F4xx_HAL_Driver/Src/stm32f4xx_hal_rcc.o
                0x000000000800098c                HAL_RCC_GetPCLK2Freq
 .text.HAL_RCC_GetClockConfig
                0x00000000080009ac       0x3c Drivers/STM32F4xx_HAL_Driver/Src/stm32f4xx_hal_rcc.o
                0x00000000080009ac                HAL_RCC_GetClockConfig
 .text.HAL_RCC_GetSysClockFreq
                0x00000000080009e8       0x90 Drivers/STM32F4xx_HAL_Driver/Src/stm32f4xx_hal_rcc_ex.o
                0x00000000080009e8                HAL_RCC_GetSysClockFreq
 .text.HAL_RCC_OscConfig
                0x0000000008000a78      0x334 Drivers/STM32F4xx_HAL_Driver/Src/stm32f4xx_hal_rcc_ex.o
                0x0000000008000a78                HAL_RCC_OscConfig
 .text.HAL_TIM_Base_Start_IT
                0x0000000008000dac       0x20 Drivers/STM32F4xx_HAL_Driver/Src/stm32f4xx_hal_tim.o
                0x0000000008000dac                HAL_TIM_Base_Start_IT
 .text.HAL_TIM_OC_DelayElapsedCallback
                0x0000000008000dcc        0x2 Drivers/STM32F4xx_HAL_Driver/Src/stm32f4xx_hal_tim.o
                0x0000000008000dcc                HAL_TIM_OC_DelayElapsedCallback
 .text.HAL_TIM_IC_CaptureCallback
                0x0000000008000dce        0x2 Drivers/STM32F4xx_HAL_Driver/Src/stm32f4xx_hal_tim.o
                0x0000000008000dce                HAL_TIM_IC_CaptureCallback
 .text.HAL_TIM_PWM_PulseFinishedCallback
                0x0000000008000dd0        0x2 Drivers/STM32F4xx_HAL_Driver/Src/stm32f4xx_hal_tim.o
                0x0000000008000dd0                HAL_TIM_PWM_PulseFinishedCallback
 .text.HAL_TIM_TriggerCallback
                0x0000000008000dd2        0x2 Drivers/STM32F4xx_HAL_Driver/Src/stm32f4xx_hal_tim.o
                0x0000000008000dd2                HAL_TIM_TriggerCallback
 .text.HAL_TIM_IRQHandler
                0x0000000008000dd4      0x144 Drivers/STM32F4xx_HAL_Driver/Src/stm32f4xx_hal_tim.o
                0x0000000008000dd4                HAL_TIM_IRQHandler
 .text.TIM_Base_SetConfig
                0x0000000008000f18       0xcc Drivers/STM32F4xx_HAL_Driver/Src/stm32f4xx_hal_tim.o
                0x0000000008000f18                TIM_Base_SetConfig
 .text.HAL_TIM_Base_Init
                0x0000000008000fe4       0x34 Drivers/STM32F4xx_HAL_Driver/Src/stm32f4xx_hal_tim.o
                0x0000000008000fe4                HAL_TIM_Base_Init
 .text.HAL_TIMEx_MasterConfigSynchronization
                0x0000000008001018       0x3c Drivers/STM32F4xx_HAL_Driver/Src/stm32f4xx_hal_tim_ex.o
                0x0000000008001018                HAL_TIMEx_MasterConfigSynchronization
 .text.HAL_TIMEx_CommutCallback
                0x0000000008001054        0x2 Drivers/STM32F4xx_HAL_Driver/Src/stm32f4xx_hal_tim_ex.o
                0x0000000008001054                HAL_TIMEx_CommutCallback
 .text.HAL_TIMEx_BreakCallback
                0x0000000008001056        0x2 Drivers/STM32F4xx_HAL_Driver/Src/stm32f4xx_hal_tim_ex.o
                0x0000000008001056                HAL_TIMEx_BreakCallback
 .text.UART_SetConfig
                0x0000000008001058      0x234 Drivers/STM32F4xx_HAL_Driver/Src/stm32f4xx_hal_uart.o
 .text.UART_WaitOnFlagUntilTimeout.constprop.3
                0x000000000800128c       0x50 Drivers/STM32F4xx_HAL_Driver/Src/stm32f4xx_hal_uart.o
 .text.HAL_UART_Init
                0x00000000080012dc       0x5c Drivers/STM32F4xx_HAL_Driver/Src/stm32f4xx_hal_uart.o
                0x00000000080012dc                HAL_UART_Init
 .text.HAL_UART_Transmit
                0x0000000008001338       0xb4 Drivers/STM32F4xx_HAL_Driver/Src/stm32f4xx_hal_uart.o
                0x0000000008001338                HAL_UART_Transmit
 .text.osKernelStart
                0x00000000080013ec        0xa Middlewares/Third_Party/FreeRTOS/Source/CMSIS_RTOS/cmsis_os.o
                0x00000000080013ec                osKernelStart
 .text.osThreadCreate
                0x00000000080013f6       0x50 Middlewares/Third_Party/FreeRTOS/Source/CMSIS_RTOS/cmsis_os.o
                0x00000000080013f6                osThreadCreate
 .text.vListInitialise
                0x0000000008001446       0x16 Middlewares/Third_Party/FreeRTOS/Source/list.o
                0x0000000008001446                vListInitialise
 .text.vListInitialiseItem
                0x000000000800145c        0x6 Middlewares/Third_Party/FreeRTOS/Source/list.o
                0x000000000800145c                vListInitialiseItem
 .text.vListInsertEnd
                0x0000000008001462       0x18 Middlewares/Third_Party/FreeRTOS/Source/list.o
                0x0000000008001462                vListInsertEnd
 .text.vListInsert
                0x000000000800147a       0x2e Middlewares/Third_Party/FreeRTOS/Source/list.o
                0x000000000800147a                vListInsert
 .text.uxListRemove
                0x00000000080014a8       0x22 Middlewares/Third_Party/FreeRTOS/Source/list.o
                0x00000000080014a8                uxListRemove
 *fill*         0x00000000080014ca        0x2 
 .text.prvAddNewTaskToReadyList
                0x00000000080014cc       0xfc Middlewares/Third_Party/FreeRTOS/Source/tasks.o
 .text.prvDeleteTCB
                0x00000000080015c8       0x36 Middlewares/Third_Party/FreeRTOS/Source/tasks.o
 *fill*         0x00000000080015fe        0x2 
 .text.prvIdleTask
                0x0000000008001600       0x68 Middlewares/Third_Party/FreeRTOS/Source/tasks.o
 .text.prvResetNextTaskUnblockTime
                0x0000000008001668       0x24 Middlewares/Third_Party/FreeRTOS/Source/tasks.o
 .text.prvInitialiseNewTask.isra.2
                0x000000000800168c       0x80 Middlewares/Third_Party/FreeRTOS/Source/tasks.o
 .text.prvAddCurrentTaskToDelayedList
                0x000000000800170c       0x8c Middlewares/Third_Party/FreeRTOS/Source/tasks.o
 .text.xTaskCreateStatic
                0x0000000008001798       0x6e Middlewares/Third_Party/FreeRTOS/Source/tasks.o
                0x0000000008001798                xTaskCreateStatic
 .text.xTaskCreate
                0x0000000008001806       0x5a Middlewares/Third_Party/FreeRTOS/Source/tasks.o
                0x0000000008001806                xTaskCreate
 .text.vTaskStartScheduler
                0x0000000008001860       0x6c Middlewares/Third_Party/FreeRTOS/Source/tasks.o
                0x0000000008001860                vTaskStartScheduler
 .text.vTaskSuspendAll
                0x00000000080018cc       0x10 Middlewares/Third_Party/FreeRTOS/Source/tasks.o
                0x00000000080018cc                vTaskSuspendAll
 .text.xTaskIncrementTick
                0x00000000080018dc      0x124 Middlewares/Third_Party/FreeRTOS/Source/tasks.o
                0x00000000080018dc                xTaskIncrementTick
 .text.xTaskResumeAll
                0x0000000008001a00       0xec Middlewares/Third_Party/FreeRTOS/Source/tasks.o
                0x0000000008001a00                xTaskResumeAll
 .text.vTaskDelay
                0x0000000008001aec       0x48 Middlewares/Third_Party/FreeRTOS/Source/tasks.o
                0x0000000008001aec                vTaskDelay
 .text.vTaskSwitchContext
                0x0000000008001b34       0x74 Middlewares/Third_Party/FreeRTOS/Source/tasks.o
                0x0000000008001b34                vTaskSwitchContext
 .text.prvTaskExitError
                0x0000000008001ba8       0x40 Middlewares/Third_Party/FreeRTOS/Source/portable/GCC/ARM_CM4F/port.o
 .text.unlikely.prvPortStartFirstTask
                0x0000000008001be8       0x28 Middlewares/Third_Party/FreeRTOS/Source/portable/GCC/ARM_CM4F/port.o
 .text.unlikely.vPortEnableVFP
                0x0000000008001c10       0x14 Middlewares/Third_Party/FreeRTOS/Source/portable/GCC/ARM_CM4F/port.o
 .text.pxPortInitialiseStack
                0x0000000008001c24       0x2c Middlewares/Third_Party/FreeRTOS/Source/portable/GCC/ARM_CM4F/port.o
                0x0000000008001c24                pxPortInitialiseStack
 .text.SVC_Handler
                0x0000000008001c50       0x24 Middlewares/Third_Party/FreeRTOS/Source/portable/GCC/ARM_CM4F/port.o
                0x0000000008001c50                SVC_Handler
 .text.vPortEnterCritical
                0x0000000008001c74       0x44 Middlewares/Third_Party/FreeRTOS/Source/portable/GCC/ARM_CM4F/port.o
                0x0000000008001c74                vPortEnterCritical
 .text.vPortExitCritical
                0x0000000008001cb8       0x28 Middlewares/Third_Party/FreeRTOS/Source/portable/GCC/ARM_CM4F/port.o
                0x0000000008001cb8                vPortExitCritical
 .text.PendSV_Handler
                0x0000000008001ce0       0x64 Middlewares/Third_Party/FreeRTOS/Source/portable/GCC/ARM_CM4F/port.o
                0x0000000008001ce0                PendSV_Handler
 .text.SysTick_Handler
                0x0000000008001d44       0x2c Middlewares/Third_Party/FreeRTOS/Source/portable/GCC/ARM_CM4F/port.o
                0x0000000008001d44                SysTick_Handler
 .text.vPortSetupTimerInterrupt
                0x0000000008001d70       0x34 Middlewares/Third_Party/FreeRTOS/Source/portable/GCC/ARM_CM4F/port.o
                0x0000000008001d70                vPortSetupTimerInterrupt
 .text.xPortStartScheduler
                0x0000000008001da4      0x10c Middlewares/Third_Party/FreeRTOS/Source/portable/GCC/ARM_CM4F/port.o
                0x0000000008001da4                xPortStartScheduler
 .text.unlikely.prvInsertBlockIntoFreeList
                0x0000000008001eb0       0x48 Middlewares/Third_Party/FreeRTOS/Source/portable/MemMang/heap_4.o
 .text.pvPortMalloc
                0x0000000008001ef8      0x118 Middlewares/Third_Party/FreeRTOS/Source/portable/MemMang/heap_4.o
                0x0000000008001ef8                pvPortMalloc
 .text.vPortFree
                0x0000000008002010       0x70 Middlewares/Third_Party/FreeRTOS/Source/portable/MemMang/heap_4.o
                0x0000000008002010                vPortFree
 .text.vApplicationIdleHook
                0x0000000008002080        0x2 Src/freertos.o
                0x0000000008002080                vApplicationIdleHook
 *fill*         0x0000000008002082        0x2 
 .text.vApplicationGetIdleTaskMemory
                0x0000000008002084       0x18 Src/freertos.o
                0x0000000008002084                vApplicationGetIdleTaskMemory
 .text.Delay    0x000000000800209c       0x30 Src/main.o
 .text.set_gpio_output
                0x00000000080020cc       0x20 Src/main.o
                0x00000000080020cc                set_gpio_output
 .text.set_gpio_input
                0x00000000080020ec       0x1c Src/main.o
                0x00000000080020ec                set_gpio_input
 .text.DHT11_start
                0x0000000008002108       0x3c Src/main.o
                0x0000000008002108                DHT11_start
 .text.check_response
                0x0000000008002144       0x48 Src/main.o
                0x0000000008002144                check_response
 .text.read_data
                0x000000000800218c       0x58 Src/main.o
                0x000000000800218c                read_data
 .text.StartDefaultTask
                0x00000000080021e4      0x18c Src/main.o
                0x00000000080021e4                StartDefaultTask
 .text.SystemClock_Config
                0x0000000008002370       0x98 Src/main.o
                0x0000000008002370                SystemClock_Config
 .text.startup.main
                0x0000000008002408      0x1d4 Src/main.o
                0x0000000008002408                main
 .text.HAL_TIM_PeriodElapsedCallback
                0x00000000080025dc       0x14 Src/main.o
                0x00000000080025dc                HAL_TIM_PeriodElapsedCallback
 .text.HAL_MspInit
                0x00000000080025f0       0x40 Src/stm32f4xx_hal_msp.o
                0x00000000080025f0                HAL_MspInit
 .text.HAL_TIM_Base_MspInit
                0x0000000008002630       0x44 Src/stm32f4xx_hal_msp.o
                0x0000000008002630                HAL_TIM_Base_MspInit
 .text.HAL_UART_MspInit
                0x0000000008002674       0x70 Src/stm32f4xx_hal_msp.o
                0x0000000008002674                HAL_UART_MspInit
 .text.HAL_InitTick
                0x00000000080026e4       0x7c Src/stm32f4xx_hal_timebase_tim.o
                0x00000000080026e4                HAL_InitTick
 .text.NMI_Handler
                0x0000000008002760        0x2 Src/stm32f4xx_it.o
                0x0000000008002760                NMI_Handler
 .text.HardFault_Handler
                0x0000000008002762        0x2 Src/stm32f4xx_it.o
                0x0000000008002762                HardFault_Handler
 .text.MemManage_Handler
                0x0000000008002764        0x2 Src/stm32f4xx_it.o
                0x0000000008002764                MemManage_Handler
 .text.BusFault_Handler
                0x0000000008002766        0x2 Src/stm32f4xx_it.o
                0x0000000008002766                BusFault_Handler
 .text.UsageFault_Handler
                0x0000000008002768        0x2 Src/stm32f4xx_it.o
                0x0000000008002768                UsageFault_Handler
 .text.DebugMon_Handler
                0x000000000800276a        0x2 Src/stm32f4xx_it.o
                0x000000000800276a                DebugMon_Handler
 .text.TIM6_DAC_IRQHandler
                0x000000000800276c        0xc Src/stm32f4xx_it.o
                0x000000000800276c                TIM6_DAC_IRQHandler
 .text.TIM7_IRQHandler
                0x0000000008002778        0xc Src/stm32f4xx_it.o
                0x0000000008002778                TIM7_IRQHandler
 .text.SystemInit
                0x0000000008002784       0x4c Src/system_stm32f4xx.o
                0x0000000008002784                SystemInit
 .text.TM_DELAY_Init
                0x00000000080027d0       0x3c Src/tm_stm32_delay.o
                0x00000000080027d0                TM_DELAY_Init
 .text.TM_DELAY_1msHandler
                0x000000000800280c        0x2 Src/tm_stm32_delay.o
                0x000000000800280c                TM_DELAY_1msHandler
 *fill*         0x000000000800280e        0x2 
 .text.HAL_IncTick
                0x0000000008002810       0x70 Src/tm_stm32_delay.o
                0x0000000008002810                HAL_IncTick
 .text.HAL_GetTick
                0x0000000008002880        0xc Src/tm_stm32_delay.o
                0x0000000008002880                HAL_GetTick
 .text.TM_DS18B20_Start
                0x000000000800288c       0x28 Src/tm_stm32_ds18b20.o
                0x000000000800288c                TM_DS18B20_Start
 .text.TM_DS18B20_StartAll
                0x00000000080028b4       0x1c Src/tm_stm32_ds18b20.o
                0x00000000080028b4                TM_DS18B20_StartAll
 .text.TM_DS18B20_Read
                0x00000000080028d0      0x104 Src/tm_stm32_ds18b20.o
                0x00000000080028d0                TM_DS18B20_Read
 .text.TM_DS18B20_SetResolution
                0x00000000080029d4       0xce Src/tm_stm32_ds18b20.o
                0x00000000080029d4                TM_DS18B20_SetResolution
 .text.TM_DS18B20_Is
                0x0000000008002aa2        0xc Src/tm_stm32_ds18b20.o
                0x0000000008002aa2                TM_DS18B20_Is
 .text.TM_DS18B20_SetAlarmLowTemperature
                0x0000000008002aae       0xa2 Src/tm_stm32_ds18b20.o
                0x0000000008002aae                TM_DS18B20_SetAlarmLowTemperature
 .text.TM_DS18B20_SetAlarmHighTemperature
                0x0000000008002b50       0xa2 Src/tm_stm32_ds18b20.o
                0x0000000008002b50                TM_DS18B20_SetAlarmHighTemperature
 .text.TM_DS18B20_AllDone
                0x0000000008002bf2        0x4 Src/tm_stm32_ds18b20.o
                0x0000000008002bf2                TM_DS18B20_AllDone
 .text.TM_GPIO_SetPinAsInput
                0x0000000008002bf6       0x24 Src/tm_stm32_gpio.o
                0x0000000008002bf6                TM_GPIO_SetPinAsInput
 .text.TM_GPIO_SetPinAsOutput
                0x0000000008002c1a       0x2c Src/tm_stm32_gpio.o
                0x0000000008002c1a                TM_GPIO_SetPinAsOutput
 *fill*         0x0000000008002c46        0x2 
 .text.TM_GPIO_INT_EnableClock
                0x0000000008002c48       0x20 Src/tm_stm32_gpio.o
                0x0000000008002c48                TM_GPIO_INT_EnableClock
 .text.TM_GPIO_INT_Init
                0x0000000008002c68       0xc4 Src/tm_stm32_gpio.o
                0x0000000008002c68                TM_GPIO_INT_Init
 .text.TM_GPIO_Init
                0x0000000008002d2c       0x32 Src/tm_stm32_gpio.o
                0x0000000008002d2c                TM_GPIO_Init
 *fill*         0x0000000008002d5e        0x2 
 .text.Delay    0x0000000008002d60       0x30 Src/tm_stm32_onewire.o
 .text.TM_OneWire_Init
                0x0000000008002d90       0x24 Src/tm_stm32_onewire.o
                0x0000000008002d90                TM_OneWire_Init
 .text.TM_OneWire_Reset
                0x0000000008002db4       0x40 Src/tm_stm32_onewire.o
                0x0000000008002db4                TM_OneWire_Reset
 .text.TM_OneWire_WriteBit
                0x0000000008002df4       0x4c Src/tm_stm32_onewire.o
                0x0000000008002df4                TM_OneWire_WriteBit
 .text.TM_OneWire_ReadBit
                0x0000000008002e40       0x3c Src/tm_stm32_onewire.o
                0x0000000008002e40                TM_OneWire_ReadBit
 .text.TM_OneWire_WriteByte
                0x0000000008002e7c       0x20 Src/tm_stm32_onewire.o
                0x0000000008002e7c                TM_OneWire_WriteByte
 .text.TM_OneWire_ReadByte
                0x0000000008002e9c       0x24 Src/tm_stm32_onewire.o
                0x0000000008002e9c                TM_OneWire_ReadByte
 .text.TM_OneWire_Search
                0x0000000008002ec0       0xcc Src/tm_stm32_onewire.o
                0x0000000008002ec0                TM_OneWire_Search
 .text.TM_OneWire_First
                0x0000000008002f8c        0xc Src/tm_stm32_onewire.o
                0x0000000008002f8c                TM_OneWire_First
 .text.TM_OneWire_Select
                0x0000000008002f98       0x20 Src/tm_stm32_onewire.o
                0x0000000008002f98                TM_OneWire_Select
 .text.TM_OneWire_SelectWithPointer
                0x0000000008002fb8        0x4 Src/tm_stm32_onewire.o
                0x0000000008002fb8                TM_OneWire_SelectWithPointer
 .text.TM_OneWire_GetFullROM
                0x0000000008002fbc       0x16 Src/tm_stm32_onewire.o
                0x0000000008002fbc                TM_OneWire_GetFullROM
 .text.TM_OneWire_CRC8
                0x0000000008002fd2       0x3a Src/tm_stm32_onewire.o
                0x0000000008002fd2                TM_OneWire_CRC8
 .text.TM_RCC_InitSystem
                0x000000000800300c       0xa0 Src/tm_stm32_rcc.o
                0x000000000800300c                TM_RCC_InitSystem
 .text.Reset_Handler
                0x00000000080030ac       0x50 startup/startup_stm32f446xx.o
                0x00000000080030ac                Reset_Handler
 .text.Default_Handler
                0x00000000080030fc        0x2 startup/startup_stm32f446xx.o
                0x00000000080030fc                RTC_Alarm_IRQHandler
                0x00000000080030fc                EXTI2_IRQHandler
                0x00000000080030fc                TIM8_CC_IRQHandler
                0x00000000080030fc                FMPI2C1_EV_IRQHandler
                0x00000000080030fc                SPI4_IRQHandler
                0x00000000080030fc                TIM1_CC_IRQHandler
                0x00000000080030fc                DMA2_Stream5_IRQHandler
                0x00000000080030fc                DMA1_Stream5_IRQHandler
                0x00000000080030fc                PVD_IRQHandler
                0x00000000080030fc                SDIO_IRQHandler
                0x00000000080030fc                TAMP_STAMP_IRQHandler
                0x00000000080030fc                CAN2_RX1_IRQHandler
                0x00000000080030fc                EXTI3_IRQHandler
                0x00000000080030fc                TIM8_TRG_COM_TIM14_IRQHandler
                0x00000000080030fc                TIM1_UP_TIM10_IRQHandler
                0x00000000080030fc                TIM8_UP_TIM13_IRQHandler
                0x00000000080030fc                I2C3_ER_IRQHandler
                0x00000000080030fc                EXTI0_IRQHandler
                0x00000000080030fc                I2C2_EV_IRQHandler
                0x00000000080030fc                DMA1_Stream2_IRQHandler
                0x00000000080030fc                CAN1_RX0_IRQHandler
                0x00000000080030fc                FPU_IRQHandler
                0x00000000080030fc                OTG_HS_WKUP_IRQHandler
                0x00000000080030fc                CAN2_SCE_IRQHandler
                0x00000000080030fc                DMA2_Stream2_IRQHandler
                0x00000000080030fc                SPI1_IRQHandler
                0x00000000080030fc                TIM1_BRK_TIM9_IRQHandler
                0x00000000080030fc                DCMI_IRQHandler
                0x00000000080030fc                CAN2_RX0_IRQHandler
                0x00000000080030fc                DMA2_Stream3_IRQHandler
                0x00000000080030fc                SAI2_IRQHandler
                0x00000000080030fc                USART6_IRQHandler
                0x00000000080030fc                USART3_IRQHandler
                0x00000000080030fc                CAN1_RX1_IRQHandler
                0x00000000080030fc                UART5_IRQHandler
                0x00000000080030fc                DMA2_Stream0_IRQHandler
                0x00000000080030fc                TIM4_IRQHandler
                0x00000000080030fc                QUADSPI_IRQHandler
                0x00000000080030fc                I2C1_EV_IRQHandler
                0x00000000080030fc                DMA1_Stream6_IRQHandler
                0x00000000080030fc                DMA1_Stream1_IRQHandler
                0x00000000080030fc                UART4_IRQHandler
                0x00000000080030fc                TIM3_IRQHandler
                0x00000000080030fc                RCC_IRQHandler
                0x00000000080030fc                TIM8_BRK_TIM12_IRQHandler
                0x00000000080030fc                Default_Handler
                0x00000000080030fc                CEC_IRQHandler
                0x00000000080030fc                EXTI15_10_IRQHandler
                0x00000000080030fc                ADC_IRQHandler
                0x00000000080030fc                DMA1_Stream7_IRQHandler
                0x00000000080030fc                CAN2_TX_IRQHandler
                0x00000000080030fc                TIM5_IRQHandler
                0x00000000080030fc                DMA2_Stream7_IRQHandler
                0x00000000080030fc                I2C3_EV_IRQHandler
                0x00000000080030fc                EXTI9_5_IRQHandler
                0x00000000080030fc                RTC_WKUP_IRQHandler
                0x00000000080030fc                SPDIF_RX_IRQHandler
                0x00000000080030fc                SPI2_IRQHandler
                0x00000000080030fc                OTG_HS_EP1_IN_IRQHandler
                0x00000000080030fc                DMA1_Stream0_IRQHandler
                0x00000000080030fc                CAN1_TX_IRQHandler
                0x00000000080030fc                FMPI2C1_ER_IRQHandler
                0x00000000080030fc                EXTI4_IRQHandler
                0x00000000080030fc                OTG_HS_EP1_OUT_IRQHandler
                0x00000000080030fc                WWDG_IRQHandler
                0x00000000080030fc                TIM2_IRQHandler
                0x00000000080030fc                OTG_FS_WKUP_IRQHandler
                0x00000000080030fc                TIM1_TRG_COM_TIM11_IRQHandler
                0x00000000080030fc                OTG_HS_IRQHandler
                0x00000000080030fc                EXTI1_IRQHandler
                0x00000000080030fc                USART2_IRQHandler
                0x00000000080030fc                I2C2_ER_IRQHandler
                0x00000000080030fc                DMA2_Stream1_IRQHandler
                0x00000000080030fc                CAN1_SCE_IRQHandler
                0x00000000080030fc                FLASH_IRQHandler
                0x00000000080030fc                DMA2_Stream4_IRQHandler
                0x00000000080030fc                USART1_IRQHandler
                0x00000000080030fc                OTG_FS_IRQHandler
                0x00000000080030fc                SPI3_IRQHandler
                0x00000000080030fc                DMA1_Stream4_IRQHandler
                0x00000000080030fc                I2C1_ER_IRQHandler
                0x00000000080030fc                FMC_IRQHandler
                0x00000000080030fc                DMA2_Stream6_IRQHandler
                0x00000000080030fc                SAI1_IRQHandler
                0x00000000080030fc                DMA1_Stream3_IRQHandler
 *fill*         0x00000000080030fe        0x2 
 .text.__libc_init_array
                0x0000000008003100       0x48 c:/st/stm32cubeide_1.4.0/stm32cubeide/plugins/com.st.stm32cube.ide.mcu.externaltools.gnu-tools-for-stm32.7-2018-q2-update.win32_1.4.0.202007081208/tools/bin/../lib/gcc/arm-none-eabi/7.3.1/../../../../arm-none-eabi/lib/thumb/v7e-m/fpv4-sp/hard\libc_nano.a(lib_a-init.o)
                0x0000000008003100                __libc_init_array
 .text.memset   0x0000000008003148       0x10 c:/st/stm32cubeide_1.4.0/stm32cubeide/plugins/com.st.stm32cube.ide.mcu.externaltools.gnu-tools-for-stm32.7-2018-q2-update.win32_1.4.0.202007081208/tools/bin/../lib/gcc/arm-none-eabi/7.3.1/../../../../arm-none-eabi/lib/thumb/v7e-m/fpv4-sp/hard\libc_nano.a(lib_a-memset.o)
                0x0000000008003148                memset
 *(.glue_7)
 .glue_7        0x0000000008003158        0x0 linker stubs
 *(.glue_7t)
 .glue_7t       0x0000000008003158        0x0 linker stubs
 *(.eh_frame)
 .eh_frame      0x0000000008003158        0x0 c:/st/stm32cubeide_1.4.0/stm32cubeide/plugins/com.st.stm32cube.ide.mcu.externaltools.gnu-tools-for-stm32.7-2018-q2-update.win32_1.4.0.202007081208/tools/bin/../lib/gcc/arm-none-eabi/7.3.1/thumb/v7e-m/fpv4-sp/hard/crtbegin.o
 *(.init)
 .init          0x0000000008003158        0x4 c:/st/stm32cubeide_1.4.0/stm32cubeide/plugins/com.st.stm32cube.ide.mcu.externaltools.gnu-tools-for-stm32.7-2018-q2-update.win32_1.4.0.202007081208/tools/bin/../lib/gcc/arm-none-eabi/7.3.1/thumb/v7e-m/fpv4-sp/hard/crti.o
                0x0000000008003158                _init
 .init          0x000000000800315c        0x8 c:/st/stm32cubeide_1.4.0/stm32cubeide/plugins/com.st.stm32cube.ide.mcu.externaltools.gnu-tools-for-stm32.7-2018-q2-update.win32_1.4.0.202007081208/tools/bin/../lib/gcc/arm-none-eabi/7.3.1/thumb/v7e-m/fpv4-sp/hard/crtn.o
 *(.fini)
 .fini          0x0000000008003164        0x4 c:/st/stm32cubeide_1.4.0/stm32cubeide/plugins/com.st.stm32cube.ide.mcu.externaltools.gnu-tools-for-stm32.7-2018-q2-update.win32_1.4.0.202007081208/tools/bin/../lib/gcc/arm-none-eabi/7.3.1/thumb/v7e-m/fpv4-sp/hard/crti.o
                0x0000000008003164                _fini
 .fini          0x0000000008003168        0x8 c:/st/stm32cubeide_1.4.0/stm32cubeide/plugins/com.st.stm32cube.ide.mcu.externaltools.gnu-tools-for-stm32.7-2018-q2-update.win32_1.4.0.202007081208/tools/bin/../lib/gcc/arm-none-eabi/7.3.1/thumb/v7e-m/fpv4-sp/hard/crtn.o
                0x0000000008003170                . = ALIGN (0x4)
                0x0000000008003170                _etext = .

.vfp11_veneer   0x0000000008003170        0x0
 .vfp11_veneer  0x0000000008003170        0x0 linker stubs

.v4_bx          0x0000000008003170        0x0
 .v4_bx         0x0000000008003170        0x0 linker stubs

.iplt           0x0000000008003170        0x0
 .iplt          0x0000000008003170        0x0 c:/st/stm32cubeide_1.4.0/stm32cubeide/plugins/com.st.stm32cube.ide.mcu.externaltools.gnu-tools-for-stm32.7-2018-q2-update.win32_1.4.0.202007081208/tools/bin/../lib/gcc/arm-none-eabi/7.3.1/thumb/v7e-m/fpv4-sp/hard/crtbegin.o

.rodata         0x0000000008003170       0x48
                0x0000000008003170                . = ALIGN (0x4)
 *(.rodata)
 .rodata        0x0000000008003170       0x1c Src/main.o
 *(.rodata*)
 .rodata.vTaskStartScheduler.str1.1
                0x000000000800318c        0x5 Middlewares/Third_Party/FreeRTOS/Source/tasks.o
 .rodata.str1.1
                0x0000000008003191        0xc Src/main.o
 .rodata.AHBPrescTable
                0x000000000800319d       0x10 Src/system_stm32f4xx.o
                0x000000000800319d                AHBPrescTable
 .rodata.APBPrescTable
                0x00000000080031ad        0x8 Src/system_stm32f4xx.o
                0x00000000080031ad                APBPrescTable
                0x00000000080031b8                . = ALIGN (0x4)
 *fill*         0x00000000080031b5        0x3 

.ARM.extab
 *(.ARM.extab* .gnu.linkonce.armextab.*)

.ARM            0x00000000080031b8        0x8
                0x00000000080031b8                __exidx_start = .
 *(.ARM.exidx*)
 .ARM.exidx     0x00000000080031b8        0x8 c:/st/stm32cubeide_1.4.0/stm32cubeide/plugins/com.st.stm32cube.ide.mcu.externaltools.gnu-tools-for-stm32.7-2018-q2-update.win32_1.4.0.202007081208/tools/bin/../lib/gcc/arm-none-eabi/7.3.1/thumb/v7e-m/fpv4-sp/hard\libgcc.a(_udivmoddi4.o)
                0x00000000080031c0                __exidx_end = .

.rel.dyn        0x00000000080031c0        0x0
 .rel.iplt      0x00000000080031c0        0x0 c:/st/stm32cubeide_1.4.0/stm32cubeide/plugins/com.st.stm32cube.ide.mcu.externaltools.gnu-tools-for-stm32.7-2018-q2-update.win32_1.4.0.202007081208/tools/bin/../lib/gcc/arm-none-eabi/7.3.1/thumb/v7e-m/fpv4-sp/hard/crtbegin.o

.preinit_array  0x00000000080031c0        0x0
                0x00000000080031c0                PROVIDE (__preinit_array_start = .)
 *(.preinit_array*)
                0x00000000080031c0                PROVIDE (__preinit_array_end = .)

.init_array     0x00000000080031c0        0x4
                0x00000000080031c0                PROVIDE (__init_array_start = .)
 *(SORT_BY_NAME(.init_array.*))
 *(.init_array*)
 .init_array    0x00000000080031c0        0x4 c:/st/stm32cubeide_1.4.0/stm32cubeide/plugins/com.st.stm32cube.ide.mcu.externaltools.gnu-tools-for-stm32.7-2018-q2-update.win32_1.4.0.202007081208/tools/bin/../lib/gcc/arm-none-eabi/7.3.1/thumb/v7e-m/fpv4-sp/hard/crtbegin.o
                0x00000000080031c4                PROVIDE (__init_array_end = .)

.fini_array     0x00000000080031c4        0x4
                [!provide]                        PROVIDE (__fini_array_start = .)
 *(SORT_BY_NAME(.fini_array.*))
 *(.fini_array*)
 .fini_array    0x00000000080031c4        0x4 c:/st/stm32cubeide_1.4.0/stm32cubeide/plugins/com.st.stm32cube.ide.mcu.externaltools.gnu-tools-for-stm32.7-2018-q2-update.win32_1.4.0.202007081208/tools/bin/../lib/gcc/arm-none-eabi/7.3.1/thumb/v7e-m/fpv4-sp/hard/crtbegin.o
                [!provide]                        PROVIDE (__fini_array_end = .)
                0x00000000080031c8                _sidata = LOADADDR (.data)

.data           0x0000000020000000       0x14 load address 0x00000000080031c8
                0x0000000020000000                . = ALIGN (0x4)
                0x0000000020000000                _sdata = .
 *(.data)
 *(.data*)
 .data.uxCriticalNesting
                0x0000000020000000        0x4 Middlewares/Third_Party/FreeRTOS/Source/portable/GCC/ARM_CM4F/port.o
 .data.display_temp
                0x0000000020000004        0x1 Src/main.o
                0x0000000020000004                display_temp
 .data.numbers  0x0000000020000005        0xa Src/main.o
                0x0000000020000005                numbers
 *fill*         0x000000002000000f        0x1 
 .data.SystemCoreClock
                0x0000000020000010        0x4 Src/system_stm32f4xx.o
                0x0000000020000010                SystemCoreClock
                0x0000000020000014                . = ALIGN (0x4)
                0x0000000020000014                _edata = .

.igot.plt       0x0000000020000014        0x0 load address 0x00000000080031dc
 .igot.plt      0x0000000020000014        0x0 c:/st/stm32cubeide_1.4.0/stm32cubeide/plugins/com.st.stm32cube.ide.mcu.externaltools.gnu-tools-for-stm32.7-2018-q2-update.win32_1.4.0.202007081208/tools/bin/../lib/gcc/arm-none-eabi/7.3.1/thumb/v7e-m/fpv4-sp/hard/crtbegin.o
                0x0000000020000014                . = ALIGN (0x4)

.bss            0x0000000020000014     0x4214 load address 0x00000000080031dc
                0x0000000020000014                _sbss = .
                0x0000000020000014                __bss_start__ = _sbss
 *(.bss)
 .bss           0x0000000020000014       0x1c c:/st/stm32cubeide_1.4.0/stm32cubeide/plugins/com.st.stm32cube.ide.mcu.externaltools.gnu-tools-for-stm32.7-2018-q2-update.win32_1.4.0.202007081208/tools/bin/../lib/gcc/arm-none-eabi/7.3.1/thumb/v7e-m/fpv4-sp/hard/crtbegin.o
 *(.bss*)
 .bss.pxCurrentTCB
                0x0000000020000030        0x4 Middlewares/Third_Party/FreeRTOS/Source/tasks.o
                0x0000000020000030                pxCurrentTCB
 .bss.pxDelayedTaskList
                0x0000000020000034        0x4 Middlewares/Third_Party/FreeRTOS/Source/tasks.o
 .bss.pxOverflowDelayedTaskList
                0x0000000020000038        0x4 Middlewares/Third_Party/FreeRTOS/Source/tasks.o
 .bss.pxReadyTasksLists
                0x000000002000003c       0x8c Middlewares/Third_Party/FreeRTOS/Source/tasks.o
 .bss.uxCurrentNumberOfTasks
                0x00000000200000c8        0x4 Middlewares/Third_Party/FreeRTOS/Source/tasks.o
 .bss.uxDeletedTasksWaitingCleanUp
                0x00000000200000cc        0x4 Middlewares/Third_Party/FreeRTOS/Source/tasks.o
 .bss.uxPendedTicks
                0x00000000200000d0        0x4 Middlewares/Third_Party/FreeRTOS/Source/tasks.o
 .bss.uxSchedulerSuspended
                0x00000000200000d4        0x4 Middlewares/Third_Party/FreeRTOS/Source/tasks.o
 .bss.uxTaskNumber
                0x00000000200000d8        0x4 Middlewares/Third_Party/FreeRTOS/Source/tasks.o
 .bss.uxTopReadyPriority
                0x00000000200000dc        0x4 Middlewares/Third_Party/FreeRTOS/Source/tasks.o
 .bss.xDelayedTaskList1
                0x00000000200000e0       0x14 Middlewares/Third_Party/FreeRTOS/Source/tasks.o
 .bss.xDelayedTaskList2
                0x00000000200000f4       0x14 Middlewares/Third_Party/FreeRTOS/Source/tasks.o
 .bss.xNextTaskUnblockTime
                0x0000000020000108        0x4 Middlewares/Third_Party/FreeRTOS/Source/tasks.o
 .bss.xNumOfOverflows
                0x000000002000010c        0x4 Middlewares/Third_Party/FreeRTOS/Source/tasks.o
 .bss.xPendingReadyList
                0x0000000020000110       0x14 Middlewares/Third_Party/FreeRTOS/Source/tasks.o
 .bss.xSchedulerRunning
                0x0000000020000124        0x4 Middlewares/Third_Party/FreeRTOS/Source/tasks.o
 .bss.xSuspendedTaskList
                0x0000000020000128       0x14 Middlewares/Third_Party/FreeRTOS/Source/tasks.o
 .bss.xTasksWaitingTermination
                0x000000002000013c       0x14 Middlewares/Third_Party/FreeRTOS/Source/tasks.o
 .bss.xTickCount
                0x0000000020000150        0x4 Middlewares/Third_Party/FreeRTOS/Source/tasks.o
 .bss.xYieldPending
                0x0000000020000154        0x4 Middlewares/Third_Party/FreeRTOS/Source/tasks.o
 .bss.ucMaxSysCallPriority
                0x0000000020000158        0x1 Middlewares/Third_Party/FreeRTOS/Source/portable/GCC/ARM_CM4F/port.o
 *fill*         0x0000000020000159        0x3 
 .bss.ulMaxPRIGROUPValue
                0x000000002000015c        0x4 Middlewares/Third_Party/FreeRTOS/Source/portable/GCC/ARM_CM4F/port.o
 .bss.pxEnd     0x0000000020000160        0x4 Middlewares/Third_Party/FreeRTOS/Source/portable/MemMang/heap_4.o
 .bss.ucHeap    0x0000000020000164     0x3c00 Middlewares/Third_Party/FreeRTOS/Source/portable/MemMang/heap_4.o
 .bss.xBlockAllocatedBit
                0x0000000020003d64        0x4 Middlewares/Third_Party/FreeRTOS/Source/portable/MemMang/heap_4.o
 .bss.xFreeBytesRemaining
                0x0000000020003d68        0x4 Middlewares/Third_Party/FreeRTOS/Source/portable/MemMang/heap_4.o
 .bss.xMinimumEverFreeBytesRemaining
                0x0000000020003d6c        0x4 Middlewares/Third_Party/FreeRTOS/Source/portable/MemMang/heap_4.o
 .bss.xStart    0x0000000020003d70        0x8 Middlewares/Third_Party/FreeRTOS/Source/portable/MemMang/heap_4.o
 .bss.xIdleStack
                0x0000000020003d78      0x200 Src/freertos.o
 .bss.xIdleTaskTCBBuffer
                0x0000000020003f78       0x54 Src/freertos.o
 .bss.i         0x0000000020003fcc        0x4 Src/main.o
                0x0000000020003fcc                i
 .bss.presence  0x0000000020003fd0        0x1 Src/main.o
                0x0000000020003fd0                presence
 *fill*         0x0000000020003fd1        0x3 
 .bss.CustomTimers
                0x0000000020003fd4       0x18 Src/tm_stm32_delay.o
 .bss.TM_Time   0x0000000020003fec        0x4 Src/tm_stm32_delay.o
                0x0000000020003fec                TM_Time
 .bss.TM_Time2  0x0000000020003ff0        0x4 Src/tm_stm32_delay.o
                0x0000000020003ff0                TM_Time2
 .bss.GPIO_UsedPins
                0x0000000020003ff4       0x1a Src/tm_stm32_gpio.o
 *(COMMON)
 *fill*         0x000000002000400e        0x2 
 COMMON         0x0000000020004010      0x1d5 Src/main.o
                0x0000000020004010                defaultTaskHandle
                0x0000000020004014                hdma_usart2_rx
                0x0000000020004074                DS_ROM
                0x000000002000407c                temperatureTab
                0x000000002000409c                TempC
                0x00000000200040a0                temp_char2
                0x00000000200040a1                humidity_int_units
                0x00000000200040a2                sum
                0x00000000200040a4                Rh_byte1
                0x00000000200040a8                rh_high
                0x00000000200040ac                RH
                0x00000000200040b0                temp
                0x00000000200040b4                humidityTab
                0x00000000200040d2                TEMP
                0x00000000200040d4                temp_int_decimals
                0x00000000200040d5                rh_char2
                0x00000000200040d8                OW
                0x00000000200040ec                ds18b20_taskHandle
                0x00000000200040f0                temp_high
                0x00000000200040f4                humidity_int_decimals
                0x00000000200040f8                huart1
                0x0000000020004138                Temp_byte1
                0x0000000020004139                Rh_byte2
                0x000000002000413c                GPIO_InitStruct
                0x0000000020004150                rh_low
                0x0000000020004154                temp_char1
                0x0000000020004158                huart2
                0x0000000020004198                temp_low
                0x000000002000419c                rh_char1
                0x000000002000419e                temp_int_units
                0x00000000200041a0                htim7
                0x00000000200041e0                Humidity
                0x00000000200041e4                Temp_byte2
 *fill*         0x00000000200041e5        0x3 
 COMMON         0x00000000200041e8       0x40 Src/stm32f4xx_hal_timebase_tim.o
                0x00000000200041e8                htim6
                0x0000000020004228                . = ALIGN (0x4)
                0x0000000020004228                _ebss = .
                0x0000000020004228                __bss_end__ = _ebss

._user_heap_stack
                0x0000000020004228      0x600 load address 0x00000000080031dc
                0x0000000020004228                . = ALIGN (0x4)
                0x0000000020004228                PROVIDE (end = .)
                [!provide]                        PROVIDE (_end = .)
                0x0000000020004428                . = (. + _Min_Heap_Size)
 *fill*         0x0000000020004228      0x200 
                0x0000000020004828                . = (. + _Min_Stack_Size)
 *fill*         0x0000000020004428      0x400 
                0x0000000020004828                . = ALIGN (0x4)

/DISCARD/
 libc.a(*)
 libm.a(*)
 libgcc.a(*)

.ARM.attributes
                0x0000000000000000       0x30
 *(.ARM.attributes)
 .ARM.attributes
                0x0000000000000000       0x22 c:/st/stm32cubeide_1.4.0/stm32cubeide/plugins/com.st.stm32cube.ide.mcu.externaltools.gnu-tools-for-stm32.7-2018-q2-update.win32_1.4.0.202007081208/tools/bin/../lib/gcc/arm-none-eabi/7.3.1/thumb/v7e-m/fpv4-sp/hard/crti.o
 .ARM.attributes
                0x0000000000000022       0x34 c:/st/stm32cubeide_1.4.0/stm32cubeide/plugins/com.st.stm32cube.ide.mcu.externaltools.gnu-tools-for-stm32.7-2018-q2-update.win32_1.4.0.202007081208/tools/bin/../lib/gcc/arm-none-eabi/7.3.1/thumb/v7e-m/fpv4-sp/hard/crtbegin.o
 .ARM.attributes
                0x0000000000000056       0x39 Drivers/STM32F4xx_HAL_Driver/Src/stm32f4xx_hal.o
 .ARM.attributes
                0x000000000000008f       0x39 Drivers/STM32F4xx_HAL_Driver/Src/stm32f4xx_hal_cortex.o
 .ARM.attributes
                0x00000000000000c8       0x39 Drivers/STM32F4xx_HAL_Driver/Src/stm32f4xx_hal_gpio.o
 .ARM.attributes
                0x0000000000000101       0x39 Drivers/STM32F4xx_HAL_Driver/Src/stm32f4xx_hal_pwr_ex.o
 .ARM.attributes
                0x000000000000013a       0x39 Drivers/STM32F4xx_HAL_Driver/Src/stm32f4xx_hal_rcc.o
 .ARM.attributes
                0x0000000000000173       0x39 Drivers/STM32F4xx_HAL_Driver/Src/stm32f4xx_hal_rcc_ex.o
 .ARM.attributes
                0x00000000000001ac       0x39 Drivers/STM32F4xx_HAL_Driver/Src/stm32f4xx_hal_tim.o
 .ARM.attributes
                0x00000000000001e5       0x39 Drivers/STM32F4xx_HAL_Driver/Src/stm32f4xx_hal_tim_ex.o
 .ARM.attributes
                0x000000000000021e       0x39 Drivers/STM32F4xx_HAL_Driver/Src/stm32f4xx_hal_uart.o
 .ARM.attributes
                0x0000000000000257       0x39 Middlewares/Third_Party/FreeRTOS/Source/CMSIS_RTOS/cmsis_os.o
 .ARM.attributes
                0x0000000000000290       0x39 Middlewares/Third_Party/FreeRTOS/Source/list.o
 .ARM.attributes
                0x00000000000002c9       0x39 Middlewares/Third_Party/FreeRTOS/Source/tasks.o
 .ARM.attributes
                0x0000000000000302       0x39 Middlewares/Third_Party/FreeRTOS/Source/portable/GCC/ARM_CM4F/port.o
 .ARM.attributes
                0x000000000000033b       0x39 Middlewares/Third_Party/FreeRTOS/Source/portable/MemMang/heap_4.o
 .ARM.attributes
                0x0000000000000374       0x39 Src/freertos.o
 .ARM.attributes
                0x00000000000003ad       0x39 Src/main.o
 .ARM.attributes
                0x00000000000003e6       0x39 Src/stm32f4xx_hal_msp.o
 .ARM.attributes
                0x000000000000041f       0x39 Src/stm32f4xx_hal_timebase_tim.o
 .ARM.attributes
                0x0000000000000458       0x39 Src/stm32f4xx_it.o
 .ARM.attributes
                0x0000000000000491       0x39 Src/system_stm32f4xx.o
 .ARM.attributes
                0x00000000000004ca       0x39 Src/tm_stm32_delay.o
 .ARM.attributes
                0x0000000000000503       0x39 Src/tm_stm32_ds18b20.o
 .ARM.attributes
                0x000000000000053c       0x39 Src/tm_stm32_gpio.o
 .ARM.attributes
                0x0000000000000575       0x39 Src/tm_stm32_onewire.o
 .ARM.attributes
                0x00000000000005ae       0x39 Src/tm_stm32_rcc.o
 .ARM.attributes
                0x00000000000005e7       0x21 startup/startup_stm32f446xx.o
 .ARM.attributes
                0x0000000000000608       0x34 c:/st/stm32cubeide_1.4.0/stm32cubeide/plugins/com.st.stm32cube.ide.mcu.externaltools.gnu-tools-for-stm32.7-2018-q2-update.win32_1.4.0.202007081208/tools/bin/../lib/gcc/arm-none-eabi/7.3.1/../../../../arm-none-eabi/lib/thumb/v7e-m/fpv4-sp/hard\libc_nano.a(lib_a-init.o)
 .ARM.attributes
                0x000000000000063c       0x34 c:/st/stm32cubeide_1.4.0/stm32cubeide/plugins/com.st.stm32cube.ide.mcu.externaltools.gnu-tools-for-stm32.7-2018-q2-update.win32_1.4.0.202007081208/tools/bin/../lib/gcc/arm-none-eabi/7.3.1/../../../../arm-none-eabi/lib/thumb/v7e-m/fpv4-sp/hard\libc_nano.a(lib_a-memset.o)
 .ARM.attributes
                0x0000000000000670       0x22 c:/st/stm32cubeide_1.4.0/stm32cubeide/plugins/com.st.stm32cube.ide.mcu.externaltools.gnu-tools-for-stm32.7-2018-q2-update.win32_1.4.0.202007081208/tools/bin/../lib/gcc/arm-none-eabi/7.3.1/thumb/v7e-m/fpv4-sp/hard\libgcc.a(_aeabi_uldivmod.o)
 .ARM.attributes
                0x0000000000000692       0x34 c:/st/stm32cubeide_1.4.0/stm32cubeide/plugins/com.st.stm32cube.ide.mcu.externaltools.gnu-tools-for-stm32.7-2018-q2-update.win32_1.4.0.202007081208/tools/bin/../lib/gcc/arm-none-eabi/7.3.1/thumb/v7e-m/fpv4-sp/hard\libgcc.a(_udivmoddi4.o)
 .ARM.attributes
                0x00000000000006c6       0x22 c:/st/stm32cubeide_1.4.0/stm32cubeide/plugins/com.st.stm32cube.ide.mcu.externaltools.gnu-tools-for-stm32.7-2018-q2-update.win32_1.4.0.202007081208/tools/bin/../lib/gcc/arm-none-eabi/7.3.1/thumb/v7e-m/fpv4-sp/hard\libgcc.a(_dvmd_tls.o)
 .ARM.attributes
                0x00000000000006e8       0x22 c:/st/stm32cubeide_1.4.0/stm32cubeide/plugins/com.st.stm32cube.ide.mcu.externaltools.gnu-tools-for-stm32.7-2018-q2-update.win32_1.4.0.202007081208/tools/bin/../lib/gcc/arm-none-eabi/7.3.1/thumb/v7e-m/fpv4-sp/hard/crtn.o
OUTPUT(Temp1.elf elf32-littlearm)

.debug_info     0x0000000000000000    0x1ae7e
 .debug_info    0x0000000000000000      0xa46 Drivers/STM32F4xx_HAL_Driver/Src/stm32f4xx_hal.o
 .debug_info    0x0000000000000a46      0xf54 Drivers/STM32F4xx_HAL_Driver/Src/stm32f4xx_hal_cortex.o
 .debug_info    0x000000000000199a      0x7c3 Drivers/STM32F4xx_HAL_Driver/Src/stm32f4xx_hal_gpio.o
 .debug_info    0x000000000000215d      0x7c3 Drivers/STM32F4xx_HAL_Driver/Src/stm32f4xx_hal_pwr_ex.o
 .debug_info    0x0000000000002920      0xa97 Drivers/STM32F4xx_HAL_Driver/Src/stm32f4xx_hal_rcc.o
 .debug_info    0x00000000000033b7      0xbe4 Drivers/STM32F4xx_HAL_Driver/Src/stm32f4xx_hal_rcc_ex.o
 .debug_info    0x0000000000003f9b     0x34b3 Drivers/STM32F4xx_HAL_Driver/Src/stm32f4xx_hal_tim.o
 .debug_info    0x000000000000744e     0x12fb Drivers/STM32F4xx_HAL_Driver/Src/stm32f4xx_hal_tim_ex.o
 .debug_info    0x0000000000008749     0x16d9 Drivers/STM32F4xx_HAL_Driver/Src/stm32f4xx_hal_uart.o
 .debug_info    0x0000000000009e22     0x28fa Middlewares/Third_Party/FreeRTOS/Source/CMSIS_RTOS/cmsis_os.o
 .debug_info    0x000000000000c71c      0xac2 Middlewares/Third_Party/FreeRTOS/Source/list.o
 .debug_info    0x000000000000d1de     0x2e45 Middlewares/Third_Party/FreeRTOS/Source/tasks.o
 .debug_info    0x0000000000010023      0x56f Middlewares/Third_Party/FreeRTOS/Source/portable/GCC/ARM_CM4F/port.o
 .debug_info    0x0000000000010592      0xca2 Middlewares/Third_Party/FreeRTOS/Source/portable/MemMang/heap_4.o
 .debug_info    0x0000000000011234      0x2fb Src/freertos.o
 .debug_info    0x000000000001152f     0x26c6 Src/main.o
 .debug_info    0x0000000000013bf5      0xf39 Src/stm32f4xx_hal_msp.o
 .debug_info    0x0000000000014b2e      0xbf7 Src/stm32f4xx_hal_timebase_tim.o
 .debug_info    0x0000000000015725      0x6ad Src/stm32f4xx_it.o
 .debug_info    0x0000000000015dd2      0x53b Src/system_stm32f4xx.o
 .debug_info    0x000000000001630d      0xfae Src/tm_stm32_delay.o
 .debug_info    0x00000000000172bb     0x17c0 Src/tm_stm32_ds18b20.o
 .debug_info    0x0000000000018a7b      0x9b7 Src/tm_stm32_gpio.o
 .debug_info    0x0000000000019432     0x145b Src/tm_stm32_onewire.o
 .debug_info    0x000000000001a88d      0x55b Src/tm_stm32_rcc.o
 .debug_info    0x000000000001ade8       0x96 startup/startup_stm32f446xx.o

.debug_abbrev   0x0000000000000000     0x4038
 .debug_abbrev  0x0000000000000000      0x244 Drivers/STM32F4xx_HAL_Driver/Src/stm32f4xx_hal.o
 .debug_abbrev  0x0000000000000244      0x328 Drivers/STM32F4xx_HAL_Driver/Src/stm32f4xx_hal_cortex.o
 .debug_abbrev  0x000000000000056c      0x1f4 Drivers/STM32F4xx_HAL_Driver/Src/stm32f4xx_hal_gpio.o
 .debug_abbrev  0x0000000000000760      0x1c3 Drivers/STM32F4xx_HAL_Driver/Src/stm32f4xx_hal_pwr_ex.o
 .debug_abbrev  0x0000000000000923      0x2d0 Drivers/STM32F4xx_HAL_Driver/Src/stm32f4xx_hal_rcc.o
 .debug_abbrev  0x0000000000000bf3      0x212 Drivers/STM32F4xx_HAL_Driver/Src/stm32f4xx_hal_rcc_ex.o
 .debug_abbrev  0x0000000000000e05      0x332 Drivers/STM32F4xx_HAL_Driver/Src/stm32f4xx_hal_tim.o
 .debug_abbrev  0x0000000000001137      0x2a3 Drivers/STM32F4xx_HAL_Driver/Src/stm32f4xx_hal_tim_ex.o
 .debug_abbrev  0x00000000000013da      0x311 Drivers/STM32F4xx_HAL_Driver/Src/stm32f4xx_hal_uart.o
 .debug_abbrev  0x00000000000016eb      0x45e Middlewares/Third_Party/FreeRTOS/Source/CMSIS_RTOS/cmsis_os.o
 .debug_abbrev  0x0000000000001b49      0x1ed Middlewares/Third_Party/FreeRTOS/Source/list.o
 .debug_abbrev  0x0000000000001d36      0x468 Middlewares/Third_Party/FreeRTOS/Source/tasks.o
 .debug_abbrev  0x000000000000219e      0x23d Middlewares/Third_Party/FreeRTOS/Source/portable/GCC/ARM_CM4F/port.o
 .debug_abbrev  0x00000000000023db      0x317 Middlewares/Third_Party/FreeRTOS/Source/portable/MemMang/heap_4.o
 .debug_abbrev  0x00000000000026f2      0x107 Src/freertos.o
 .debug_abbrev  0x00000000000027f9      0x3d6 Src/main.o
 .debug_abbrev  0x0000000000002bcf      0x1f5 Src/stm32f4xx_hal_msp.o
 .debug_abbrev  0x0000000000002dc4      0x1ee Src/stm32f4xx_hal_timebase_tim.o
 .debug_abbrev  0x0000000000002fb2      0x1ab Src/stm32f4xx_it.o
 .debug_abbrev  0x000000000000315d      0x111 Src/system_stm32f4xx.o
 .debug_abbrev  0x000000000000326e      0x34e Src/tm_stm32_delay.o
 .debug_abbrev  0x00000000000035bc      0x321 Src/tm_stm32_ds18b20.o
 .debug_abbrev  0x00000000000038dd      0x219 Src/tm_stm32_gpio.o
 .debug_abbrev  0x0000000000003af6      0x3a7 Src/tm_stm32_onewire.o
 .debug_abbrev  0x0000000000003e9d      0x189 Src/tm_stm32_rcc.o
 .debug_abbrev  0x0000000000004026       0x12 startup/startup_stm32f446xx.o

.debug_loc      0x0000000000000000     0xa6f8
 .debug_loc     0x0000000000000000      0x102 Drivers/STM32F4xx_HAL_Driver/Src/stm32f4xx_hal.o
 .debug_loc     0x0000000000000102      0x49b Drivers/STM32F4xx_HAL_Driver/Src/stm32f4xx_hal_cortex.o
 .debug_loc     0x000000000000059d      0x378 Drivers/STM32F4xx_HAL_Driver/Src/stm32f4xx_hal_gpio.o
 .debug_loc     0x0000000000000915      0x15d Drivers/STM32F4xx_HAL_Driver/Src/stm32f4xx_hal_pwr_ex.o
 .debug_loc     0x0000000000000a72      0x326 Drivers/STM32F4xx_HAL_Driver/Src/stm32f4xx_hal_rcc.o
 .debug_loc     0x0000000000000d98      0xa67 Drivers/STM32F4xx_HAL_Driver/Src/stm32f4xx_hal_rcc_ex.o
 .debug_loc     0x00000000000017ff     0x2f57 Drivers/STM32F4xx_HAL_Driver/Src/stm32f4xx_hal_tim.o
 .debug_loc     0x0000000000004756      0xa55 Drivers/STM32F4xx_HAL_Driver/Src/stm32f4xx_hal_tim_ex.o
 .debug_loc     0x00000000000051ab     0x1317 Drivers/STM32F4xx_HAL_Driver/Src/stm32f4xx_hal_uart.o
 .debug_loc     0x00000000000064c2      0xf9a Middlewares/Third_Party/FreeRTOS/Source/CMSIS_RTOS/cmsis_os.o
 .debug_loc     0x000000000000745c       0x94 Middlewares/Third_Party/FreeRTOS/Source/list.o
 .debug_loc     0x00000000000074f0     0x13fb Middlewares/Third_Party/FreeRTOS/Source/tasks.o
 .debug_loc     0x00000000000088eb       0xcf Middlewares/Third_Party/FreeRTOS/Source/portable/GCC/ARM_CM4F/port.o
 .debug_loc     0x00000000000089ba      0x3aa Middlewares/Third_Party/FreeRTOS/Source/portable/MemMang/heap_4.o
 .debug_loc     0x0000000000008d64      0x111 Src/main.o
 .debug_loc     0x0000000000008e75       0xb0 Src/stm32f4xx_hal_msp.o
 .debug_loc     0x0000000000008f25       0xa5 Src/stm32f4xx_hal_timebase_tim.o
 .debug_loc     0x0000000000008fca      0x11c Src/system_stm32f4xx.o
 .debug_loc     0x00000000000090e6      0x212 Src/tm_stm32_delay.o
 .debug_loc     0x00000000000092f8      0x793 Src/tm_stm32_ds18b20.o
 .debug_loc     0x0000000000009a8b      0x598 Src/tm_stm32_gpio.o
 .debug_loc     0x000000000000a023      0x6d5 Src/tm_stm32_onewire.o

.debug_aranges  0x0000000000000000     0x1058
 .debug_aranges
                0x0000000000000000       0xe8 Drivers/STM32F4xx_HAL_Driver/Src/stm32f4xx_hal.o
 .debug_aranges
                0x00000000000000e8       0xa8 Drivers/STM32F4xx_HAL_Driver/Src/stm32f4xx_hal_cortex.o
 .debug_aranges
                0x0000000000000190       0x58 Drivers/STM32F4xx_HAL_Driver/Src/stm32f4xx_hal_gpio.o
 .debug_aranges
                0x00000000000001e8       0x60 Drivers/STM32F4xx_HAL_Driver/Src/stm32f4xx_hal_pwr_ex.o
 .debug_aranges
                0x0000000000000248       0x88 Drivers/STM32F4xx_HAL_Driver/Src/stm32f4xx_hal_rcc.o
 .debug_aranges
                0x00000000000002d0       0x78 Drivers/STM32F4xx_HAL_Driver/Src/stm32f4xx_hal_rcc_ex.o
 .debug_aranges
                0x0000000000000348      0x278 Drivers/STM32F4xx_HAL_Driver/Src/stm32f4xx_hal_tim.o
 .debug_aranges
                0x00000000000005c0       0xf8 Drivers/STM32F4xx_HAL_Driver/Src/stm32f4xx_hal_tim_ex.o
 .debug_aranges
                0x00000000000006b8      0x170 Drivers/STM32F4xx_HAL_Driver/Src/stm32f4xx_hal_uart.o
 .debug_aranges
                0x0000000000000828      0x190 Middlewares/Third_Party/FreeRTOS/Source/CMSIS_RTOS/cmsis_os.o
 .debug_aranges
                0x00000000000009b8       0x40 Middlewares/Third_Party/FreeRTOS/Source/list.o
 .debug_aranges
                0x00000000000009f8      0x198 Middlewares/Third_Party/FreeRTOS/Source/tasks.o
 .debug_aranges
                0x0000000000000b90       0x80 Middlewares/Third_Party/FreeRTOS/Source/portable/GCC/ARM_CM4F/port.o
 .debug_aranges
                0x0000000000000c10       0x48 Middlewares/Third_Party/FreeRTOS/Source/portable/MemMang/heap_4.o
 .debug_aranges
                0x0000000000000c58       0x28 Src/freertos.o
 .debug_aranges
                0x0000000000000c80       0x80 Src/main.o
 .debug_aranges
                0x0000000000000d00       0x40 Src/stm32f4xx_hal_msp.o
 .debug_aranges
                0x0000000000000d40       0x30 Src/stm32f4xx_hal_timebase_tim.o
 .debug_aranges
                0x0000000000000d70       0x50 Src/stm32f4xx_it.o
 .debug_aranges
                0x0000000000000dc0       0x28 Src/system_stm32f4xx.o
 .debug_aranges
                0x0000000000000de8       0x78 Src/tm_stm32_delay.o
 .debug_aranges
                0x0000000000000e60       0x70 Src/tm_stm32_ds18b20.o
 .debug_aranges
                0x0000000000000ed0       0x98 Src/tm_stm32_gpio.o
 .debug_aranges
                0x0000000000000f68       0xa8 Src/tm_stm32_onewire.o
 .debug_aranges
                0x0000000000001010       0x20 Src/tm_stm32_rcc.o
 .debug_aranges
                0x0000000000001030       0x28 startup/startup_stm32f446xx.o

.debug_ranges   0x0000000000000000     0x1408
 .debug_ranges  0x0000000000000000       0xd8 Drivers/STM32F4xx_HAL_Driver/Src/stm32f4xx_hal.o
 .debug_ranges  0x00000000000000d8      0x138 Drivers/STM32F4xx_HAL_Driver/Src/stm32f4xx_hal_cortex.o
 .debug_ranges  0x0000000000000210       0x68 Drivers/STM32F4xx_HAL_Driver/Src/stm32f4xx_hal_gpio.o
 .debug_ranges  0x0000000000000278       0xb0 Drivers/STM32F4xx_HAL_Driver/Src/stm32f4xx_hal_pwr_ex.o
 .debug_ranges  0x0000000000000328       0xb0 Drivers/STM32F4xx_HAL_Driver/Src/stm32f4xx_hal_rcc.o
 .debug_ranges  0x00000000000003d8       0x80 Drivers/STM32F4xx_HAL_Driver/Src/stm32f4xx_hal_rcc_ex.o
 .debug_ranges  0x0000000000000458      0x340 Drivers/STM32F4xx_HAL_Driver/Src/stm32f4xx_hal_tim.o
 .debug_ranges  0x0000000000000798       0xe8 Drivers/STM32F4xx_HAL_Driver/Src/stm32f4xx_hal_tim_ex.o
 .debug_ranges  0x0000000000000880      0x160 Drivers/STM32F4xx_HAL_Driver/Src/stm32f4xx_hal_uart.o
 .debug_ranges  0x00000000000009e0      0x180 Middlewares/Third_Party/FreeRTOS/Source/CMSIS_RTOS/cmsis_os.o
 .debug_ranges  0x0000000000000b60       0x30 Middlewares/Third_Party/FreeRTOS/Source/list.o
 .debug_ranges  0x0000000000000b90      0x270 Middlewares/Third_Party/FreeRTOS/Source/tasks.o
 .debug_ranges  0x0000000000000e00       0x70 Middlewares/Third_Party/FreeRTOS/Source/portable/GCC/ARM_CM4F/port.o
 .debug_ranges  0x0000000000000e70       0x38 Middlewares/Third_Party/FreeRTOS/Source/portable/MemMang/heap_4.o
 .debug_ranges  0x0000000000000ea8       0x18 Src/freertos.o
 .debug_ranges  0x0000000000000ec0      0x110 Src/main.o
 .debug_ranges  0x0000000000000fd0       0x60 Src/stm32f4xx_hal_msp.o
 .debug_ranges  0x0000000000001030       0x40 Src/stm32f4xx_hal_timebase_tim.o
 .debug_ranges  0x0000000000001070       0x40 Src/stm32f4xx_it.o
 .debug_ranges  0x00000000000010b0       0x18 Src/system_stm32f4xx.o
 .debug_ranges  0x00000000000010c8       0x68 Src/tm_stm32_delay.o
 .debug_ranges  0x0000000000001130      0x108 Src/tm_stm32_ds18b20.o
 .debug_ranges  0x0000000000001238       0xc8 Src/tm_stm32_gpio.o
 .debug_ranges  0x0000000000001300       0xb0 Src/tm_stm32_onewire.o
 .debug_ranges  0x00000000000013b0       0x38 Src/tm_stm32_rcc.o
 .debug_ranges  0x00000000000013e8       0x20 startup/startup_stm32f446xx.o

.debug_macro    0x0000000000000000    0x24721
 .debug_macro   0x0000000000000000      0x22e Drivers/STM32F4xx_HAL_Driver/Src/stm32f4xx_hal.o
 .debug_macro   0x000000000000022e      0xa66 Drivers/STM32F4xx_HAL_Driver/Src/stm32f4xx_hal.o
 .debug_macro   0x0000000000000c94      0x18a Drivers/STM32F4xx_HAL_Driver/Src/stm32f4xx_hal.o
 .debug_macro   0x0000000000000e1e       0x32 Drivers/STM32F4xx_HAL_Driver/Src/stm32f4xx_hal.o
 .debug_macro   0x0000000000000e50       0x28 Drivers/STM32F4xx_HAL_Driver/Src/stm32f4xx_hal.o
 .debug_macro   0x0000000000000e78       0x22 Drivers/STM32F4xx_HAL_Driver/Src/stm32f4xx_hal.o
 .debug_macro   0x0000000000000e9a       0x8e Drivers/STM32F4xx_HAL_Driver/Src/stm32f4xx_hal.o
 .debug_macro   0x0000000000000f28       0x51 Drivers/STM32F4xx_HAL_Driver/Src/stm32f4xx_hal.o
 .debug_macro   0x0000000000000f79       0xef Drivers/STM32F4xx_HAL_Driver/Src/stm32f4xx_hal.o
 .debug_macro   0x0000000000001068       0x6a Drivers/STM32F4xx_HAL_Driver/Src/stm32f4xx_hal.o
 .debug_macro   0x00000000000010d2      0x1df Drivers/STM32F4xx_HAL_Driver/Src/stm32f4xx_hal.o
 .debug_macro   0x00000000000012b1       0x1c Drivers/STM32F4xx_HAL_Driver/Src/stm32f4xx_hal.o
 .debug_macro   0x00000000000012cd       0x22 Drivers/STM32F4xx_HAL_Driver/Src/stm32f4xx_hal.o
 .debug_macro   0x00000000000012ef       0xdf Drivers/STM32F4xx_HAL_Driver/Src/stm32f4xx_hal.o
 .debug_macro   0x00000000000013ce     0x102d Drivers/STM32F4xx_HAL_Driver/Src/stm32f4xx_hal.o
 .debug_macro   0x00000000000023fb      0x11f Drivers/STM32F4xx_HAL_Driver/Src/stm32f4xx_hal.o
 .debug_macro   0x000000000000251a    0x16734 Drivers/STM32F4xx_HAL_Driver/Src/stm32f4xx_hal.o
 .debug_macro   0x0000000000018c4e       0x43 Drivers/STM32F4xx_HAL_Driver/Src/stm32f4xx_hal.o
 .debug_macro   0x0000000000018c91     0x35d4 Drivers/STM32F4xx_HAL_Driver/Src/stm32f4xx_hal.o
 .debug_macro   0x000000000001c265      0x174 Drivers/STM32F4xx_HAL_Driver/Src/stm32f4xx_hal.o
 .debug_macro   0x000000000001c3d9       0x4e Drivers/STM32F4xx_HAL_Driver/Src/stm32f4xx_hal.o
 .debug_macro   0x000000000001c427      0xc90 Drivers/STM32F4xx_HAL_Driver/Src/stm32f4xx_hal.o
 .debug_macro   0x000000000001d0b7      0x9fe Drivers/STM32F4xx_HAL_Driver/Src/stm32f4xx_hal.o
 .debug_macro   0x000000000001dab5       0xed Drivers/STM32F4xx_HAL_Driver/Src/stm32f4xx_hal.o
 .debug_macro   0x000000000001dba2      0x117 Drivers/STM32F4xx_HAL_Driver/Src/stm32f4xx_hal.o
 .debug_macro   0x000000000001dcb9      0x1a0 Drivers/STM32F4xx_HAL_Driver/Src/stm32f4xx_hal.o
 .debug_macro   0x000000000001de59       0x27 Drivers/STM32F4xx_HAL_Driver/Src/stm32f4xx_hal.o
 .debug_macro   0x000000000001de80      0x287 Drivers/STM32F4xx_HAL_Driver/Src/stm32f4xx_hal.o
 .debug_macro   0x000000000001e107       0x5f Drivers/STM32F4xx_HAL_Driver/Src/stm32f4xx_hal.o
 .debug_macro   0x000000000001e166      0x236 Drivers/STM32F4xx_HAL_Driver/Src/stm32f4xx_hal.o
 .debug_macro   0x000000000001e39c      0x132 Drivers/STM32F4xx_HAL_Driver/Src/stm32f4xx_hal.o
 .debug_macro   0x000000000001e4ce      0x29c Drivers/STM32F4xx_HAL_Driver/Src/stm32f4xx_hal.o
 .debug_macro   0x000000000001e76a       0x2e Drivers/STM32F4xx_HAL_Driver/Src/stm32f4xx_hal.o
 .debug_macro   0x000000000001e798      0x11a Drivers/STM32F4xx_HAL_Driver/Src/stm32f4xx_hal.o
 .debug_macro   0x000000000001e8b2       0xe8 Drivers/STM32F4xx_HAL_Driver/Src/stm32f4xx_hal.o
 .debug_macro   0x000000000001e99a       0x89 Drivers/STM32F4xx_HAL_Driver/Src/stm32f4xx_hal.o
 .debug_macro   0x000000000001ea23      0x87d Drivers/STM32F4xx_HAL_Driver/Src/stm32f4xx_hal.o
 .debug_macro   0x000000000001f2a0       0x4d Drivers/STM32F4xx_HAL_Driver/Src/stm32f4xx_hal.o
 .debug_macro   0x000000000001f2ed      0x287 Drivers/STM32F4xx_HAL_Driver/Src/stm32f4xx_hal.o
 .debug_macro   0x000000000001f574      0x126 Drivers/STM32F4xx_HAL_Driver/Src/stm32f4xx_hal.o
 .debug_macro   0x000000000001f69a      0x1ce Drivers/STM32F4xx_HAL_Driver/Src/stm32f4xx_hal_cortex.o
 .debug_macro   0x000000000001f868      0x204 Drivers/STM32F4xx_HAL_Driver/Src/stm32f4xx_hal_gpio.o
 .debug_macro   0x000000000001fa6c      0x1e6 Drivers/STM32F4xx_HAL_Driver/Src/stm32f4xx_hal_pwr_ex.o
 .debug_macro   0x000000000001fc52      0x1f2 Drivers/STM32F4xx_HAL_Driver/Src/stm32f4xx_hal_rcc.o
 .debug_macro   0x000000000001fe44      0x1ce Drivers/STM32F4xx_HAL_Driver/Src/stm32f4xx_hal_rcc_ex.o
 .debug_macro   0x0000000000020012      0x1cf Drivers/STM32F4xx_HAL_Driver/Src/stm32f4xx_hal_tim.o
 .debug_macro   0x00000000000201e1      0x1ce Drivers/STM32F4xx_HAL_Driver/Src/stm32f4xx_hal_tim_ex.o
 .debug_macro   0x00000000000203af      0x1cf Drivers/STM32F4xx_HAL_Driver/Src/stm32f4xx_hal_uart.o
 .debug_macro   0x000000000002057e      0x1f1 Middlewares/Third_Party/FreeRTOS/Source/CMSIS_RTOS/cmsis_os.o
 .debug_macro   0x000000000002076f       0x40 Middlewares/Third_Party/FreeRTOS/Source/CMSIS_RTOS/cmsis_os.o
 .debug_macro   0x00000000000207af       0x18 Middlewares/Third_Party/FreeRTOS/Source/CMSIS_RTOS/cmsis_os.o
 .debug_macro   0x00000000000207c7       0x94 Middlewares/Third_Party/FreeRTOS/Source/CMSIS_RTOS/cmsis_os.o
 .debug_macro   0x000000000002085b       0x3c Middlewares/Third_Party/FreeRTOS/Source/CMSIS_RTOS/cmsis_os.o
 .debug_macro   0x0000000000020897       0x34 Middlewares/Third_Party/FreeRTOS/Source/CMSIS_RTOS/cmsis_os.o
 .debug_macro   0x00000000000208cb       0x57 Middlewares/Third_Party/FreeRTOS/Source/CMSIS_RTOS/cmsis_os.o
 .debug_macro   0x0000000000020922       0x52 Middlewares/Third_Party/FreeRTOS/Source/CMSIS_RTOS/cmsis_os.o
 .debug_macro   0x0000000000020974       0x1f Middlewares/Third_Party/FreeRTOS/Source/CMSIS_RTOS/cmsis_os.o
 .debug_macro   0x0000000000020993       0x43 Middlewares/Third_Party/FreeRTOS/Source/CMSIS_RTOS/cmsis_os.o
 .debug_macro   0x00000000000209d6       0x20 Middlewares/Third_Party/FreeRTOS/Source/CMSIS_RTOS/cmsis_os.o
 .debug_macro   0x00000000000209f6      0x1a3 Middlewares/Third_Party/FreeRTOS/Source/CMSIS_RTOS/cmsis_os.o
 .debug_macro   0x0000000000020b99      0x330 Middlewares/Third_Party/FreeRTOS/Source/CMSIS_RTOS/cmsis_os.o
 .debug_macro   0x0000000000020ec9       0x10 Middlewares/Third_Party/FreeRTOS/Source/CMSIS_RTOS/cmsis_os.o
 .debug_macro   0x0000000000020ed9       0x35 Middlewares/Third_Party/FreeRTOS/Source/CMSIS_RTOS/cmsis_os.o
 .debug_macro   0x0000000000020f0e       0x20 Middlewares/Third_Party/FreeRTOS/Source/CMSIS_RTOS/cmsis_os.o
 .debug_macro   0x0000000000020f2e       0xd6 Middlewares/Third_Party/FreeRTOS/Source/CMSIS_RTOS/cmsis_os.o
 .debug_macro   0x0000000000021004      0x15a Middlewares/Third_Party/FreeRTOS/Source/CMSIS_RTOS/cmsis_os.o
 .debug_macro   0x000000000002115e       0xd7 Middlewares/Third_Party/FreeRTOS/Source/CMSIS_RTOS/cmsis_os.o
 .debug_macro   0x0000000000021235       0x10 Middlewares/Third_Party/FreeRTOS/Source/CMSIS_RTOS/cmsis_os.o
 .debug_macro   0x0000000000021245       0x1f Middlewares/Third_Party/FreeRTOS/Source/CMSIS_RTOS/cmsis_os.o
 .debug_macro   0x0000000000021264      0x4b7 Middlewares/Third_Party/FreeRTOS/Source/CMSIS_RTOS/cmsis_os.o
 .debug_macro   0x000000000002171b       0xb5 Middlewares/Third_Party/FreeRTOS/Source/CMSIS_RTOS/cmsis_os.o
 .debug_macro   0x00000000000217d0       0x8c Middlewares/Third_Party/FreeRTOS/Source/CMSIS_RTOS/cmsis_os.o
 .debug_macro   0x000000000002185c       0x91 Middlewares/Third_Party/FreeRTOS/Source/CMSIS_RTOS/cmsis_os.o
 .debug_macro   0x00000000000218ed       0x8d Middlewares/Third_Party/FreeRTOS/Source/CMSIS_RTOS/cmsis_os.o
 .debug_macro   0x000000000002197a       0x7e Middlewares/Third_Party/FreeRTOS/Source/CMSIS_RTOS/cmsis_os.o
 .debug_macro   0x00000000000219f8       0x19 Middlewares/Third_Party/FreeRTOS/Source/CMSIS_RTOS/cmsis_os.o
 .debug_macro   0x0000000000021a11       0xf2 Middlewares/Third_Party/FreeRTOS/Source/CMSIS_RTOS/cmsis_os.o
 .debug_macro   0x0000000000021b03       0xc7 Middlewares/Third_Party/FreeRTOS/Source/CMSIS_RTOS/cmsis_os.o
 .debug_macro   0x0000000000021bca      0x17a Middlewares/Third_Party/FreeRTOS/Source/list.o
 .debug_macro   0x0000000000021d44      0x273 Middlewares/Third_Party/FreeRTOS/Source/tasks.o
 .debug_macro   0x0000000000021fb7       0x10 Middlewares/Third_Party/FreeRTOS/Source/tasks.o
 .debug_macro   0x0000000000021fc7      0x196 Middlewares/Third_Party/FreeRTOS/Source/portable/GCC/ARM_CM4F/port.o
 .debug_macro   0x000000000002215d      0x1a1 Middlewares/Third_Party/FreeRTOS/Source/portable/MemMang/heap_4.o
 .debug_macro   0x00000000000222fe      0x245 Src/freertos.o
 .debug_macro   0x0000000000022543      0x160 Src/freertos.o
 .debug_macro   0x00000000000226a3      0x4da Src/main.o
 .debug_macro   0x0000000000022b7d       0xd6 Src/main.o
 .debug_macro   0x0000000000022c53       0x10 Src/main.o
 .debug_macro   0x0000000000022c63       0x22 Src/main.o
 .debug_macro   0x0000000000022c85       0xb3 Src/main.o
 .debug_macro   0x0000000000022d38       0x32 Src/main.o
 .debug_macro   0x0000000000022d6a       0x58 Src/main.o
 .debug_macro   0x0000000000022dc2       0x40 Src/main.o
 .debug_macro   0x0000000000022e02       0x1c Src/main.o
 .debug_macro   0x0000000000022e1e       0x10 Src/main.o
 .debug_macro   0x0000000000022e2e       0x10 Src/main.o
 .debug_macro   0x0000000000022e3e       0x1c Src/main.o
 .debug_macro   0x0000000000022e5a       0x52 Src/main.o
 .debug_macro   0x0000000000022eac       0x40 Src/main.o
 .debug_macro   0x0000000000022eec       0x10 Src/main.o
 .debug_macro   0x0000000000022efc       0x40 Src/main.o
 .debug_macro   0x0000000000022f3c       0xd7 Src/main.o
 .debug_macro   0x0000000000023013       0x1c Src/main.o
 .debug_macro   0x000000000002302f       0x3d Src/main.o
 .debug_macro   0x000000000002306c       0x16 Src/main.o
 .debug_macro   0x0000000000023082      0x145 Src/main.o
 .debug_macro   0x00000000000231c7      0x1dd Src/stm32f4xx_hal_msp.o
 .debug_macro   0x00000000000233a4      0x1ce Src/stm32f4xx_hal_timebase_tim.o
 .debug_macro   0x0000000000023572      0x24f Src/stm32f4xx_it.o
 .debug_macro   0x00000000000237c1      0x1d4 Src/system_stm32f4xx.o
 .debug_macro   0x0000000000023995      0x2d6 Src/tm_stm32_delay.o
 .debug_macro   0x0000000000023c6b      0x2f4 Src/tm_stm32_ds18b20.o
 .debug_macro   0x0000000000023f5f      0x212 Src/tm_stm32_gpio.o
 .debug_macro   0x0000000000024171       0xad Src/tm_stm32_gpio.o
 .debug_macro   0x000000000002421e      0x2f1 Src/tm_stm32_onewire.o
 .debug_macro   0x000000000002450f      0x212 Src/tm_stm32_rcc.o

.debug_line     0x0000000000000000     0xf8c7
 .debug_line    0x0000000000000000      0x8ad Drivers/STM32F4xx_HAL_Driver/Src/stm32f4xx_hal.o
 .debug_line    0x00000000000008ad      0x930 Drivers/STM32F4xx_HAL_Driver/Src/stm32f4xx_hal_cortex.o
 .debug_line    0x00000000000011dd      0x878 Drivers/STM32F4xx_HAL_Driver/Src/stm32f4xx_hal_gpio.o
 .debug_line    0x0000000000001a55      0x7dc Drivers/STM32F4xx_HAL_Driver/Src/stm32f4xx_hal_pwr_ex.o
 .debug_line    0x0000000000002231      0x953 Drivers/STM32F4xx_HAL_Driver/Src/stm32f4xx_hal_rcc.o
 .debug_line    0x0000000000002b84      0xb72 Drivers/STM32F4xx_HAL_Driver/Src/stm32f4xx_hal_rcc_ex.o
 .debug_line    0x00000000000036f6     0x15f3 Drivers/STM32F4xx_HAL_Driver/Src/stm32f4xx_hal_tim.o
 .debug_line    0x0000000000004ce9      0xaea Drivers/STM32F4xx_HAL_Driver/Src/stm32f4xx_hal_tim_ex.o
 .debug_line    0x00000000000057d3      0xfdf Drivers/STM32F4xx_HAL_Driver/Src/stm32f4xx_hal_uart.o
 .debug_line    0x00000000000067b2      0xc72 Middlewares/Third_Party/FreeRTOS/Source/CMSIS_RTOS/cmsis_os.o
 .debug_line    0x0000000000007424      0x66d Middlewares/Third_Party/FreeRTOS/Source/list.o
 .debug_line    0x0000000000007a91      0xfdf Middlewares/Third_Party/FreeRTOS/Source/tasks.o
 .debug_line    0x0000000000008a70      0x644 Middlewares/Third_Party/FreeRTOS/Source/portable/GCC/ARM_CM4F/port.o
 .debug_line    0x00000000000090b4      0x724 Middlewares/Third_Party/FreeRTOS/Source/portable/MemMang/heap_4.o
 .debug_line    0x00000000000097d8      0x7c4 Src/freertos.o
 .debug_line    0x0000000000009f9c      0xd0c Src/main.o
 .debug_line    0x000000000000aca8      0x731 Src/stm32f4xx_hal_msp.o
 .debug_line    0x000000000000b3d9      0x6f7 Src/stm32f4xx_hal_timebase_tim.o
 .debug_line    0x000000000000bad0      0x827 Src/stm32f4xx_it.o
 .debug_line    0x000000000000c2f7      0x6e0 Src/system_stm32f4xx.o
 .debug_line    0x000000000000c9d7      0x9a6 Src/tm_stm32_delay.o
 .debug_line    0x000000000000d37d      0xa41 Src/tm_stm32_ds18b20.o
 .debug_line    0x000000000000ddbe      0x8c2 Src/tm_stm32_gpio.o
 .debug_line    0x000000000000e680      0xa9a Src/tm_stm32_onewire.o
 .debug_line    0x000000000000f11a      0x72e Src/tm_stm32_rcc.o
 .debug_line    0x000000000000f848       0x7f startup/startup_stm32f446xx.o

.debug_str      0x0000000000000000    0xd8f6a
 .debug_str     0x0000000000000000    0xc76d6 Drivers/STM32F4xx_HAL_Driver/Src/stm32f4xx_hal.o
                                      0xc7a87 (size before relaxing)
 .debug_str     0x00000000000c76d6      0x398 Drivers/STM32F4xx_HAL_Driver/Src/stm32f4xx_hal_cortex.o
                                      0xc7798 (size before relaxing)
 .debug_str     0x00000000000c7a6e      0x27d Drivers/STM32F4xx_HAL_Driver/Src/stm32f4xx_hal_gpio.o
                                      0xc70ff (size before relaxing)
 .debug_str     0x00000000000c7ceb      0x141 Drivers/STM32F4xx_HAL_Driver/Src/stm32f4xx_hal_pwr_ex.o
                                      0xc70af (size before relaxing)
 .debug_str     0x00000000000c7e2c      0x37d Drivers/STM32F4xx_HAL_Driver/Src/stm32f4xx_hal_rcc.o
                                      0xc72ce (size before relaxing)
 .debug_str     0x00000000000c81a9      0x31c Drivers/STM32F4xx_HAL_Driver/Src/stm32f4xx_hal_rcc_ex.o
                                      0xc731d (size before relaxing)
 .debug_str     0x00000000000c84c5     0x1170 Drivers/STM32F4xx_HAL_Driver/Src/stm32f4xx_hal_tim.o
                                      0xc7ffa (size before relaxing)
 .debug_str     0x00000000000c9635      0x4d4 Drivers/STM32F4xx_HAL_Driver/Src/stm32f4xx_hal_tim_ex.o
                                      0xc7812 (size before relaxing)
 .debug_str     0x00000000000c9b09      0x6f2 Drivers/STM32F4xx_HAL_Driver/Src/stm32f4xx_hal_uart.o
                                      0xc7745 (size before relaxing)
 .debug_str     0x00000000000ca1fb     0x9799 Middlewares/Third_Party/FreeRTOS/Source/CMSIS_RTOS/cmsis_os.o
                                       0xe0c5 (size before relaxing)
 .debug_str     0x00000000000d3994      0x225 Middlewares/Third_Party/FreeRTOS/Source/list.o
                                       0xa528 (size before relaxing)
 .debug_str     0x00000000000d3bb9     0x11e4 Middlewares/Third_Party/FreeRTOS/Source/tasks.o
                                       0xc82b (size before relaxing)
 .debug_str     0x00000000000d4d9d      0x783 Middlewares/Third_Party/FreeRTOS/Source/portable/GCC/ARM_CM4F/port.o
                                       0x826c (size before relaxing)
 .debug_str     0x00000000000d5520      0x243 Middlewares/Third_Party/FreeRTOS/Source/portable/MemMang/heap_4.o
                                       0xac6a (size before relaxing)
 .debug_str     0x00000000000d5763      0x598 Src/freertos.o
                                      0xcad84 (size before relaxing)
 .debug_str     0x00000000000d5cfb     0x2935 Src/main.o
                                      0xd344e (size before relaxing)
 .debug_str     0x00000000000d8630       0x25 Src/stm32f4xx_hal_msp.o
                                      0xc7fc2 (size before relaxing)
 .debug_str     0x00000000000d8655       0x50 Src/stm32f4xx_hal_timebase_tim.o
                                      0xc78ee (size before relaxing)
 .debug_str     0x00000000000d86a5       0xb1 Src/stm32f4xx_it.o
                                      0xcb106 (size before relaxing)
 .debug_str     0x00000000000d8756       0x5a Src/system_stm32f4xx.o
                                      0xc6ebb (size before relaxing)
 .debug_str     0x00000000000d87b0      0x1bd Src/tm_stm32_delay.o
                                      0xca648 (size before relaxing)
 .debug_str     0x00000000000d896d      0x15e Src/tm_stm32_ds18b20.o
                                      0xca9f6 (size before relaxing)
 .debug_str     0x00000000000d8acb      0x2ce Src/tm_stm32_gpio.o
                                      0xc767f (size before relaxing)
 .debug_str     0x00000000000d8d99      0x186 Src/tm_stm32_onewire.o
                                      0xcaa94 (size before relaxing)
 .debug_str     0x00000000000d8f1f       0x4b Src/tm_stm32_rcc.o
                                      0xc753b (size before relaxing)

.comment        0x0000000000000000       0x7b
 .comment       0x0000000000000000       0x7b Drivers/STM32F4xx_HAL_Driver/Src/stm32f4xx_hal.o
                                         0x7c (size before relaxing)
 .comment       0x000000000000007b       0x7c Drivers/STM32F4xx_HAL_Driver/Src/stm32f4xx_hal_cortex.o
 .comment       0x000000000000007b       0x7c Drivers/STM32F4xx_HAL_Driver/Src/stm32f4xx_hal_gpio.o
 .comment       0x000000000000007b       0x7c Drivers/STM32F4xx_HAL_Driver/Src/stm32f4xx_hal_pwr_ex.o
 .comment       0x000000000000007b       0x7c Drivers/STM32F4xx_HAL_Driver/Src/stm32f4xx_hal_rcc.o
 .comment       0x000000000000007b       0x7c Drivers/STM32F4xx_HAL_Driver/Src/stm32f4xx_hal_rcc_ex.o
 .comment       0x000000000000007b       0x7c Drivers/STM32F4xx_HAL_Driver/Src/stm32f4xx_hal_tim.o
 .comment       0x000000000000007b       0x7c Drivers/STM32F4xx_HAL_Driver/Src/stm32f4xx_hal_tim_ex.o
 .comment       0x000000000000007b       0x7c Drivers/STM32F4xx_HAL_Driver/Src/stm32f4xx_hal_uart.o
 .comment       0x000000000000007b       0x7c Middlewares/Third_Party/FreeRTOS/Source/CMSIS_RTOS/cmsis_os.o
 .comment       0x000000000000007b       0x7c Middlewares/Third_Party/FreeRTOS/Source/list.o
 .comment       0x000000000000007b       0x7c Middlewares/Third_Party/FreeRTOS/Source/tasks.o
 .comment       0x000000000000007b       0x7c Middlewares/Third_Party/FreeRTOS/Source/portable/GCC/ARM_CM4F/port.o
 .comment       0x000000000000007b       0x7c Middlewares/Third_Party/FreeRTOS/Source/portable/MemMang/heap_4.o
 .comment       0x000000000000007b       0x7c Src/freertos.o
 .comment       0x000000000000007b       0x7c Src/main.o
 .comment       0x000000000000007b       0x7c Src/stm32f4xx_hal_msp.o
 .comment       0x000000000000007b       0x7c Src/stm32f4xx_hal_timebase_tim.o
 .comment       0x000000000000007b       0x7c Src/stm32f4xx_it.o
 .comment       0x000000000000007b       0x7c Src/system_stm32f4xx.o
 .comment       0x000000000000007b       0x7c Src/tm_stm32_delay.o
 .comment       0x000000000000007b       0x7c Src/tm_stm32_ds18b20.o
 .comment       0x000000000000007b       0x7c Src/tm_stm32_gpio.o
 .comment       0x000000000000007b       0x7c Src/tm_stm32_onewire.o
 .comment       0x000000000000007b       0x7c Src/tm_stm32_rcc.o

.debug_frame    0x0000000000000000     0x2ee0
 .debug_frame   0x0000000000000000      0x1f0 Drivers/STM32F4xx_HAL_Driver/Src/stm32f4xx_hal.o
 .debug_frame   0x00000000000001f0      0x158 Drivers/STM32F4xx_HAL_Driver/Src/stm32f4xx_hal_cortex.o
 .debug_frame   0x0000000000000348       0xd8 Drivers/STM32F4xx_HAL_Driver/Src/stm32f4xx_hal_gpio.o
 .debug_frame   0x0000000000000420       0xf4 Drivers/STM32F4xx_HAL_Driver/Src/stm32f4xx_hal_pwr_ex.o
 .debug_frame   0x0000000000000514      0x13c Drivers/STM32F4xx_HAL_Driver/Src/stm32f4xx_hal_rcc.o
 .debug_frame   0x0000000000000650      0x150 Drivers/STM32F4xx_HAL_Driver/Src/stm32f4xx_hal_rcc_ex.o
 .debug_frame   0x00000000000007a0      0x928 Drivers/STM32F4xx_HAL_Driver/Src/stm32f4xx_hal_tim.o
 .debug_frame   0x00000000000010c8      0x360 Drivers/STM32F4xx_HAL_Driver/Src/stm32f4xx_hal_tim_ex.o
 .debug_frame   0x0000000000001428      0x4a0 Drivers/STM32F4xx_HAL_Driver/Src/stm32f4xx_hal_uart.o
 .debug_frame   0x00000000000018c8      0x4f8 Middlewares/Third_Party/FreeRTOS/Source/CMSIS_RTOS/cmsis_os.o
 .debug_frame   0x0000000000001dc0       0x6c Middlewares/Third_Party/FreeRTOS/Source/list.o
 .debug_frame   0x0000000000001e2c      0x550 Middlewares/Third_Party/FreeRTOS/Source/tasks.o
 .debug_frame   0x000000000000237c       0xfc Middlewares/Third_Party/FreeRTOS/Source/portable/GCC/ARM_CM4F/port.o
 .debug_frame   0x0000000000002478       0x98 Middlewares/Third_Party/FreeRTOS/Source/portable/MemMang/heap_4.o
 .debug_frame   0x0000000000002510       0x30 Src/freertos.o
 .debug_frame   0x0000000000002540      0x13c Src/main.o
 .debug_frame   0x000000000000267c       0x8c Src/stm32f4xx_hal_msp.o
 .debug_frame   0x0000000000002708       0x54 Src/stm32f4xx_hal_timebase_tim.o
 .debug_frame   0x000000000000275c       0x90 Src/stm32f4xx_it.o
 .debug_frame   0x00000000000027ec       0x38 Src/system_stm32f4xx.o
 .debug_frame   0x0000000000002824      0x104 Src/tm_stm32_delay.o
 .debug_frame   0x0000000000002928      0x13c Src/tm_stm32_ds18b20.o
 .debug_frame   0x0000000000002a64      0x1cc Src/tm_stm32_gpio.o
 .debug_frame   0x0000000000002c30      0x1d4 Src/tm_stm32_onewire.o
 .debug_frame   0x0000000000002e04       0x30 Src/tm_stm32_rcc.o
 .debug_frame   0x0000000000002e34       0x2c c:/st/stm32cubeide_1.4.0/stm32cubeide/plugins/com.st.stm32cube.ide.mcu.externaltools.gnu-tools-for-stm32.7-2018-q2-update.win32_1.4.0.202007081208/tools/bin/../lib/gcc/arm-none-eabi/7.3.1/../../../../arm-none-eabi/lib/thumb/v7e-m/fpv4-sp/hard\libc_nano.a(lib_a-init.o)
 .debug_frame   0x0000000000002e60       0x20 c:/st/stm32cubeide_1.4.0/stm32cubeide/plugins/com.st.stm32cube.ide.mcu.externaltools.gnu-tools-for-stm32.7-2018-q2-update.win32_1.4.0.202007081208/tools/bin/../lib/gcc/arm-none-eabi/7.3.1/../../../../arm-none-eabi/lib/thumb/v7e-m/fpv4-sp/hard\libc_nano.a(lib_a-memset.o)
 .debug_frame   0x0000000000002e80       0x2c c:/st/stm32cubeide_1.4.0/stm32cubeide/plugins/com.st.stm32cube.ide.mcu.externaltools.gnu-tools-for-stm32.7-2018-q2-update.win32_1.4.0.202007081208/tools/bin/../lib/gcc/arm-none-eabi/7.3.1/thumb/v7e-m/fpv4-sp/hard\libgcc.a(_aeabi_uldivmod.o)
 .debug_frame   0x0000000000002eac       0x34 c:/st/stm32cubeide_1.4.0/stm32cubeide/plugins/com.st.stm32cube.ide.mcu.externaltools.gnu-tools-for-stm32.7-2018-q2-update.win32_1.4.0.202007081208/tools/bin/../lib/gcc/arm-none-eabi/7.3.1/thumb/v7e-m/fpv4-sp/hard\libgcc.a(_udivmoddi4.o)
